Component: ARM Compiler 5.06 update 6 (build 750) Tool: armlink [4d35ed]

==============================================================================

Section Cross References

    main.o(i.OLED_WS_DIS) refers to oled.o(i.OLED_Clear) for OLED_Clear
    main.o(i.OLED_WS_DIS) refers to oled.o(i.OLED_ShowCHinese) for OLED_ShowCHinese
    main.o(i.OLED_WS_DIS) refers to oled.o(i.OLED_ShowChar) for OLED_ShowChar
    main.o(i.OLED_WS_DIS) refers to oled.o(i.OLED_ShowFloatNumber) for OLED_ShowFloatNumber
    main.o(i.OLED_WS_DIS) refers to oled.o(i.OLED_ShowString) for OLED_ShowString
    main.o(i.main) refers to delay.o(i.delay_init) for delay_init
    main.o(i.main) refers to led.o(i.LED_Init) for LED_Init
    main.o(i.main) refers to pwr.o(i.PWR_Init) for PWR_Init
    main.o(i.main) refers to sht2x.o(i.SHT2x_Init) for SHT2x_Init
    main.o(i.main) refers to oled.o(i.OLED_Init) for OLED_Init
    main.o(i.main) refers to key.o(i.KEY_Init) for KEY_Init
    main.o(i.main) refers to usart1.o(i.USART1_Init) for USART1_Init
    main.o(i.main) refers to mcu_api.o(i.wifi_protocol_init) for wifi_protocol_init
    main.o(i.main) refers to stm32f0xx_gpio.o(i.GPIO_SetBits) for GPIO_SetBits
    main.o(i.main) refers to oled.o(i.OLED_Clear) for OLED_Clear
    main.o(i.main) refers to delay.o(i.delay_ms) for delay_ms
    main.o(i.main) refers to mcu_api.o(i.wifi_uart_service) for wifi_uart_service
    main.o(i.main) refers to key.o(i.KEY_SCAN) for KEY_SCAN
    main.o(i.main) refers to mcu_api.o(i.mcu_set_wifi_mode) for mcu_set_wifi_mode
    main.o(i.main) refers to led.o(i.LED_Flash_fast) for LED_Flash_fast
    main.o(i.main) refers to oled.o(i.OLED_Display_On) for OLED_Display_On
    main.o(i.main) refers to stm32f0xx_gpio.o(i.GPIO_ResetBits) for GPIO_ResetBits
    main.o(i.main) refers to mcu_api.o(i.mcu_get_wifi_work_state) for mcu_get_wifi_work_state
    main.o(i.main) refers to led.o(i.LED_Flash_low) for LED_Flash_low
    main.o(i.main) refers to oled.o(i.OLED_Display_Off) for OLED_Display_Off
    main.o(i.main) refers to sht2x.o(i.SHT2x_GetTempPoll) for SHT2x_GetTempPoll
    main.o(i.main) refers to sht2x.o(i.SHT2x_GetHumiPoll) for SHT2x_GetHumiPoll
    main.o(i.main) refers to ffixi.o(.text) for __aeabi_f2iz
    main.o(i.main) refers to mcu_api.o(i.mcu_dp_value_update) for mcu_dp_value_update
    main.o(i.main) refers to main.o(i.OLED_WS_DIS) for OLED_WS_DIS
    system_stm32f0xx.o(i.SystemCoreClockUpdate) refers to aeabi_sdiv.o(.text) for __aeabi_uidivmod
    system_stm32f0xx.o(i.SystemCoreClockUpdate) refers to system_stm32f0xx.o(.data) for SystemCoreClock
    system_stm32f0xx.o(i.SystemInit) refers to system_stm32f0xx.o(i.SetSysClock) for SetSysClock
    startup_stm32f0xx_ld.o(STACK) refers (Special) to heapauxi.o(.text) for __use_two_region_memory
    startup_stm32f0xx_ld.o(HEAP) refers (Special) to heapauxi.o(.text) for __use_two_region_memory
    startup_stm32f0xx_ld.o(RESET) refers (Special) to heapauxi.o(.text) for __use_two_region_memory
    startup_stm32f0xx_ld.o(RESET) refers to startup_stm32f0xx_ld.o(STACK) for __initial_sp
    startup_stm32f0xx_ld.o(RESET) refers to startup_stm32f0xx_ld.o(.text) for Reset_Handler
    startup_stm32f0xx_ld.o(RESET) refers to stm32f0xx_it.o(i.NMI_Handler) for NMI_Handler
    startup_stm32f0xx_ld.o(RESET) refers to stm32f0xx_it.o(i.HardFault_Handler) for HardFault_Handler
    startup_stm32f0xx_ld.o(RESET) refers to stm32f0xx_it.o(i.SVC_Handler) for SVC_Handler
    startup_stm32f0xx_ld.o(RESET) refers to stm32f0xx_it.o(i.PendSV_Handler) for PendSV_Handler
    startup_stm32f0xx_ld.o(RESET) refers to stm32f0xx_it.o(i.SysTick_Handler) for SysTick_Handler
    startup_stm32f0xx_ld.o(RESET) refers to usart1.o(i.USART1_IRQHandler) for USART1_IRQHandler
    startup_stm32f0xx_ld.o(.text) refers (Special) to heapauxi.o(.text) for __use_two_region_memory
    startup_stm32f0xx_ld.o(.text) refers to system_stm32f0xx.o(i.SystemInit) for SystemInit
    startup_stm32f0xx_ld.o(.text) refers to __main.o(!!!main) for __main
    startup_stm32f0xx_ld.o(.text) refers to startup_stm32f0xx_ld.o(HEAP) for Heap_Mem
    startup_stm32f0xx_ld.o(.text) refers to startup_stm32f0xx_ld.o(STACK) for Stack_Mem
    delay.o(i.delay_init) refers to stm32f0xx_misc.o(i.SysTick_CLKSourceConfig) for SysTick_CLKSourceConfig
    delay.o(i.delay_init) refers to aeabi_sdiv.o(.text) for __aeabi_uidivmod
    delay.o(i.delay_init) refers to system_stm32f0xx.o(.data) for SystemCoreClock
    delay.o(i.delay_init) refers to delay.o(.data) for fac_us
    delay.o(i.delay_ms) refers to delay.o(.data) for fac_ms
    delay.o(i.delay_us) refers to delay.o(.data) for fac_us
    led.o(i.LED_Flash_fast) refers to stm32f0xx_gpio.o(i.GPIO_ResetBits) for GPIO_ResetBits
    led.o(i.LED_Flash_fast) refers to delay.o(i.delay_ms) for delay_ms
    led.o(i.LED_Flash_fast) refers to stm32f0xx_gpio.o(i.GPIO_SetBits) for GPIO_SetBits
    led.o(i.LED_Flash_low) refers to stm32f0xx_gpio.o(i.GPIO_ResetBits) for GPIO_ResetBits
[...]
    Removing stm32f0xx_tim.o(i.TIM_SetCompare4), (4 bytes).
    Removing stm32f0xx_tim.o(i.TIM_SetCounter), (4 bytes).
    Removing stm32f0xx_tim.o(i.TIM_SetIC1Prescaler), (20 bytes).
    Removing stm32f0xx_tim.o(i.TIM_SetIC2Prescaler), (24 bytes).
    Removing stm32f0xx_tim.o(i.TIM_SetIC3Prescaler), (20 bytes).
    Removing stm32f0xx_tim.o(i.TIM_SetIC4Prescaler), (24 bytes).
    Removing stm32f0xx_tim.o(i.TIM_TIxExternalClockConfig), (58 bytes).
    Removing stm32f0xx_tim.o(i.TIM_TimeBaseInit), (124 bytes).
    Removing stm32f0xx_tim.o(i.TIM_TimeBaseStructInit), (18 bytes).
    Removing stm32f0xx_tim.o(i.TIM_UpdateDisableConfig), (28 bytes).
    Removing stm32f0xx_tim.o(i.TIM_UpdateRequestConfig), (28 bytes).
    Removing stm32f0xx_usart.o(.rev16_text), (4 bytes).
    Removing stm32f0xx_usart.o(.revsh_text), (4 bytes).
    Removing stm32f0xx_usart.o(i.USART_AddressDetectionConfig), (16 bytes).
    Removing stm32f0xx_usart.o(i.USART_AutoBaudRateCmd), (28 bytes).
    Removing stm32f0xx_usart.o(i.USART_AutoBaudRateConfig), (18 bytes).
    Removing stm32f0xx_usart.o(i.USART_ClearFlag), (4 bytes).
    Removing stm32f0xx_usart.o(i.USART_ClearITPendingBit), (18 bytes).
    Removing stm32f0xx_usart.o(i.USART_ClockInit), (36 bytes).
    Removing stm32f0xx_usart.o(i.USART_ClockStructInit), (12 bytes).
    Removing stm32f0xx_usart.o(i.USART_DECmd), (28 bytes).
    Removing stm32f0xx_usart.o(i.USART_DEPolarityConfig), (18 bytes).
    Removing stm32f0xx_usart.o(i.USART_DMACmd), (20 bytes).
    Removing stm32f0xx_usart.o(i.USART_DMAReceptionErrorConfig), (18 bytes).
    Removing stm32f0xx_usart.o(i.USART_DataInvCmd), (28 bytes).
    Removing stm32f0xx_usart.o(i.USART_DeInit), (64 bytes).
    Removing stm32f0xx_usart.o(i.USART_DirectionModeCmd), (20 bytes).
    Removing stm32f0xx_usart.o(i.USART_GetFlagStatus), (20 bytes).
    Removing stm32f0xx_usart.o(i.USART_HalfDuplexCmd), (24 bytes).
    Removing stm32f0xx_usart.o(i.USART_InvPinCmd), (20 bytes).
    Removing stm32f0xx_usart.o(i.USART_IrDACmd), (24 bytes).
    Removing stm32f0xx_usart.o(i.USART_IrDAConfig), (16 bytes).
    Removing stm32f0xx_usart.o(i.USART_LINBreakDetectLengthConfig), (16 bytes).
    Removing stm32f0xx_usart.o(i.USART_LINCmd), (28 bytes).
    Removing stm32f0xx_usart.o(i.USART_MSBFirstCmd), (28 bytes).
    Removing stm32f0xx_usart.o(i.USART_MuteModeCmd), (28 bytes).
    Removing stm32f0xx_usart.o(i.USART_MuteModeWakeUpConfig), (18 bytes).
    Removing stm32f0xx_usart.o(i.USART_OneBitMethodCmd), (28 bytes).
    Removing stm32f0xx_usart.o(i.USART_OverSampling8Cmd), (28 bytes).
    Removing stm32f0xx_usart.o(i.USART_OverrunDetectionConfig), (18 bytes).
    Removing stm32f0xx_usart.o(i.USART_ReceiveData), (10 bytes).
    Removing stm32f0xx_usart.o(i.USART_ReceiverTimeOutCmd), (28 bytes).
    Removing stm32f0xx_usart.o(i.USART_RequestCmd), (20 bytes).
    Removing stm32f0xx_usart.o(i.USART_STOPModeCmd), (24 bytes).
    Removing stm32f0xx_usart.o(i.USART_SWAPPinCmd), (28 bytes).
    Removing stm32f0xx_usart.o(i.USART_SendData), (8 bytes).
    Removing stm32f0xx_usart.o(i.USART_SetAddress), (18 bytes).
    Removing stm32f0xx_usart.o(i.USART_SetAutoRetryCount), (20 bytes).
    Removing stm32f0xx_usart.o(i.USART_SetBlockLength), (18 bytes).
    Removing stm32f0xx_usart.o(i.USART_SetDEAssertionTime), (20 bytes).
    Removing stm32f0xx_usart.o(i.USART_SetDEDeassertionTime), (20 bytes).
    Removing stm32f0xx_usart.o(i.USART_SetGuardTime), (16 bytes).
    Removing stm32f0xx_usart.o(i.USART_SetPrescaler), (18 bytes).
    Removing stm32f0xx_usart.o(i.USART_SetReceiverTimeOut), (16 bytes).
    Removing stm32f0xx_usart.o(i.USART_SmartCardCmd), (24 bytes).
    Removing stm32f0xx_usart.o(i.USART_SmartCardNACKCmd), (24 bytes).
    Removing stm32f0xx_usart.o(i.USART_StopModeWakeUpSourceConfig), (18 bytes).
    Removing stm32f0xx_usart.o(i.USART_StructInit), (24 bytes).
    Removing stm32f0xx_wwdg.o(.rev16_text), (4 bytes).
    Removing stm32f0xx_wwdg.o(.revsh_text), (4 bytes).
    Removing stm32f0xx_wwdg.o(i.WWDG_ClearFlag), (12 bytes).
    Removing stm32f0xx_wwdg.o(i.WWDG_DeInit), (22 bytes).
    Removing stm32f0xx_wwdg.o(i.WWDG_Enable), (16 bytes).
    Removing stm32f0xx_wwdg.o(i.WWDG_EnableIT), (20 bytes).
    Removing stm32f0xx_wwdg.o(i.WWDG_GetFlagStatus), (24 bytes).
    Removing stm32f0xx_wwdg.o(i.WWDG_SetCounter), (16 bytes).
    Removing stm32f0xx_wwdg.o(i.WWDG_SetPrescaler), (32 bytes).
    Removing stm32f0xx_wwdg.o(i.WWDG_SetWindowValue), (40 bytes).
    Removing mcu_api.o(.rev16_text), (4 bytes).
    Removing mcu_api.o(.revsh_text), (4 bytes).
    Removing mcu_api.o(i.byte_to_int), (26 bytes).
    Removing mcu_api.o(i.hex_to_bcd), (108 bytes).
    Removing mcu_api.o(i.int_to_byte), (20 bytes).
    Removing mcu_api.o(i.mcu_dp_bool_update), (104 bytes).
    Removing mcu_api.o(i.mcu_dp_enum_update), (88 bytes).
    Removing mcu_api.o(i.mcu_dp_fault_update), (200 bytes).
    Removing mcu_api.o(i.mcu_dp_raw_update), (112 bytes).
    Removing mcu_api.o(i.mcu_dp_string_update), (112 bytes).
    Removing mcu_api.o(i.mcu_get_dp_download_bool), (6 bytes).
    Removing mcu_api.o(i.mcu_get_dp_download_enum), (6 bytes).
    Removing mcu_api.o(i.mcu_get_dp_download_value), (14 bytes).
    Removing mcu_api.o(i.mcu_get_reset_wifi_flag), (12 bytes).
    Removing mcu_api.o(i.mcu_get_wifimode_flag), (12 bytes).
    Removing mcu_api.o(i.mcu_reset_wifi), (24 bytes).
    Removing mcu_api.o(i.mcu_start_wifitest), (14 bytes).
    Removing mcu_api.o(i.my_memset), (34 bytes).
    Removing mcu_api.o(i.my_strcmp), (36 bytes).
    Removing mcu_api.o(i.my_strcpy), (38 bytes).
    Removing mcu_api.o(i.uart_receive_buff_input), (28 bytes).
    Removing protocol.o(.rev16_text), (4 bytes).
    Removing protocol.o(.revsh_text), (4 bytes).
    Removing system.o(.rev16_text), (4 bytes).
    Removing system.o(.revsh_text), (4 bytes).

562 unused section(s) (total 18322 bytes) removed from the image.

==============================================================================

Image Symbol Table

    Local Symbols

    Symbol Name                              Value     Ov Type        Size  Object(Section)

    ../clib/../cmprslib/zerorunl2.c          0x00000000   Number         0  __dczerorl2.o ABSOLUTE
    ../clib/angel/boardlib.s                 0x00000000   Number         0  boardinit1.o ABSOLUTE
    ../clib/angel/boardlib.s                 0x00000000   Number         0  boardinit2.o ABSOLUTE
    ../clib/angel/boardlib.s                 0x00000000   Number         0  boardinit3.o ABSOLUTE
    ../clib/angel/boardlib.s                 0x00000000   Number         0  boardshut.o ABSOLUTE
    ../clib/angel/handlers.s                 0x00000000   Number         0  __scatter_zi.o ABSOLUTE
    ../clib/angel/kernel.s                   0x00000000   Number         0  __rtentry4.o ABSOLUTE
    ../clib/angel/kernel.s                   0x00000000   Number         0  rtexit2.o ABSOLUTE
    ../clib/angel/kernel.s                   0x00000000   Number         0  rtexit.o ABSOLUTE
    ../clib/angel/kernel.s                   0x00000000   Number         0  __rtentry.o ABSOLUTE
    ../clib/angel/kernel.s                   0x00000000   Number         0  __rtentry2.o ABSOLUTE
    ../clib/angel/rt.s                       0x00000000   Number         0  aeabi_idiv0.o ABSOLUTE
    ../clib/angel/rt.s                       0x00000000   Number         0  aeabi_idiv0_sigfpe.o ABSOLUTE
    ../clib/angel/rt.s                       0x00000000   Number         0  rt_raise.o ABSOLUTE
    ../clib/angel/rt.s                       0x00000000   Number         0  rt_div0.o ABSOLUTE
    ../clib/angel/scatterp.s                 0x00000000   Number         0  __scatter.o ABSOLUTE
    ../clib/angel/startup.s                  0x00000000   Number         0  __main.o ABSOLUTE
    ../clib/angel/sys.s                      0x00000000   Number         0  tempstk.o ABSOLUTE
    ../clib/angel/sys.s                      0x00000000   Number         0  sys_stackheap_outer.o ABSOLUTE
    ../clib/angel/sys.s                      0x00000000   Number         0  indicate_semi.o ABSOLUTE
    ../clib/angel/sys.s                      0x00000000   Number         0  use_no_semi.o ABSOLUTE
    ../clib/angel/sys.s                      0x00000000   Number         0  libspace.o ABSOLUTE
    ../clib/angel/sysapp.c                   0x00000000   Number         0  sys_command.o ABSOLUTE
    ../clib/angel/sysapp.c                   0x00000000   Number         0  sys_wrch.o ABSOLUTE
    ../clib/angel/sysapp.c                   0x00000000   Number         0  sys_exit.o ABSOLUTE
    ../clib/armsys.c                         0x00000000   Number         0  argv_veneer.o ABSOLUTE
    ../clib/armsys.c                         0x00000000   Number         0  no_argv.o ABSOLUTE
    ../clib/armsys.c                         0x00000000   Number         0  _get_argv_nomalloc.o ABSOLUTE
    ../clib/division.s                       0x00000000   Number         0  aeabi_sdiv_div0.o ABSOLUTE
    ../clib/division.s                       0x00000000   Number         0  aeabi_sdiv.o ABSOLUTE
    ../clib/heapalloc.c                      0x00000000   Number         0  hrguard.o ABSOLUTE
    ../clib/heapaux.c                        0x00000000   Number         0  heapauxi.o ABSOLUTE
    ../clib/libinit.s                        0x00000000   Number         0  libinit2.o ABSOLUTE
    ../clib/libinit.s                        0x00000000   Number         0  libshutdown.o ABSOLUTE
    ../clib/libinit.s                        0x00000000   Number         0  libshutdown2.o ABSOLUTE
    ../clib/libinit.s                        0x00000000   Number         0  libinit.o ABSOLUTE
    ../clib/signal.c                         0x00000000   Number         0  defsig_rtmem_inner.o ABSOLUTE
    ../clib/signal.c                         0x00000000   Number         0  defsig_rtred_inner.o ABSOLUTE
    ../clib/signal.c                         0x00000000   Number         0  defsig_abrt_inner.o ABSOLUTE
    ../clib/signal.c                         0x00000000   Number         0  defsig_general.o ABSOLUTE
    ../clib/signal.c                         0x00000000   Number         0  __raise.o ABSOLUTE
    ../clib/signal.c                         0x00000000   Number         0  defsig_fpe_inner.o ABSOLUTE
    ../clib/signal.c                         0x00000000   Number         0  defsig_exit.o ABSOLUTE
    ../clib/signal.c                         0x00000000   Number         0  defsig_fpe_formal.o ABSOLUTE
    ../clib/signal.c                         0x00000000   Number         0  defsig_fpe_outer.o ABSOLUTE
    ../clib/signal.c                         0x00000000   Number         0  defsig_other.o ABSOLUTE
    ../clib/signal.c                         0x00000000   Number         0  defsig_segv_inner.o ABSOLUTE
    ../clib/signal.c                         0x00000000   Number         0  defsig_cppl_inner.o ABSOLUTE
    ../clib/signal.c                         0x00000000   Number         0  defsig_pvfn_inner.o ABSOLUTE
    ../clib/signal.c                         0x00000000   Number         0  defsig_stak_inner.o ABSOLUTE
    ../clib/signal.c                         0x00000000   Number         0  defsig_rtmem_formal.o ABSOLUTE
    ../clib/signal.c                         0x00000000   Number         0  defsig_rtmem_outer.o ABSOLUTE
    ../clib/signal.s                         0x00000000   Number         0  defsig.o ABSOLUTE
    ../clib/stdlib.c                         0x00000000   Number         0  exit.o ABSOLUTE
    ../fplib/cfplib/cmpret.c                 0x00000000   Number         0  cmpret.o ABSOLUTE
    ../fplib/cfplib/d2f.c                    0x00000000   Number         0  d2f.o ABSOLUTE
    ../fplib/cfplib/daddsub.c                0x00000000   Number         0  daddsub.o ABSOLUTE
    ../fplib/cfplib/dmul.c                   0x00000000   Number         0  dmul.o ABSOLUTE
    ../fplib/cfplib/f2d.c                    0x00000000   Number         0  f2d.o ABSOLUTE
    ../fplib/cfplib/fcmpin.c                 0x00000000   Number         0  fcmpin.o ABSOLUTE
    ../fplib/cfplib/fdiv.c                   0x00000000   Number         0  fdiv.o ABSOLUTE
    ../fplib/cfplib/ffix.c                   0x00000000   Number         0  ffixi.o ABSOLUTE
    ../fplib/cfplib/fflt.c                   0x00000000   Number         0  fflti.o ABSOLUTE
    ../fplib/cfplib/fpinit.c                 0x00000000   Number         0  fpinit.o ABSOLUTE
    ../fplib/cfplib/nan2.c                   0x00000000   Number         0  fnan2.o ABSOLUTE
    ../fplib/cfplib/retnan.c                 0x00000000   Number         0  retnan.o ABSOLUTE
    ../fplib/faddsub6m.s                     0x00000000   Number         0  faddsub.o ABSOLUTE
    ../fplib/fmul6m.s                        0x00000000   Number         0  fmul.o ABSOLUTE
    ../fplib/frleqf6m.s                      0x00000000   Number         0  frlef.o ABSOLUTE
    ../fplib/usenofp.s                       0x00000000   Number         0  usenofp.o ABSOLUTE
    ..\CORE\startup_stm32f0xx_ld.s           0x00000000   Number         0  startup_stm32f0xx_ld.o ABSOLUTE
    ..\HARDWARE\KEY\key.c                    0x00000000   Number         0  key.o ABSOLUTE
    ..\HARDWARE\LED\LED.c                    0x00000000   Number         0  led.o ABSOLUTE
    ..\HARDWARE\OLED\oled.c                  0x00000000   Number         0  oled.o ABSOLUTE
    ..\HARDWARE\POWER\pwr.c                  0x00000000   Number         0  pwr.o ABSOLUTE
    ..\HARDWARE\SHT20\SHT2x.c                0x00000000   Number         0  sht2x.o ABSOLUTE
    ..\HARDWARE\USART1\USART1.c              0x00000000   Number         0  usart1.o ABSOLUTE
    ..\STM32F0xx_FWLib\src\stm32f0xx_adc.c   0x00000000   Number         0  stm32f0xx_adc.o ABSOLUTE
    ..\STM32F0xx_FWLib\src\stm32f0xx_cec.c   0x00000000   Number         0  stm32f0xx_cec.o ABSOLUTE
    ..\STM32F0xx_FWLib\src\stm32f0xx_comp.c  0x00000000   Number         0  stm32f0xx_comp.o ABSOLUTE
    ..\STM32F0xx_FWLib\src\stm32f0xx_crc.c   0x00000000   Number         0  stm32f0xx_crc.o ABSOLUTE
    ..\STM32F0xx_FWLib\src\stm32f0xx_dac.c   0x00000000   Number         0  stm32f0xx_dac.o ABSOLUTE
    ..\STM32F0xx_FWLib\src\stm32f0xx_dbgmcu.c 0x00000000   Number         0  stm32f0xx_dbgmcu.o ABSOLUTE
    ..\STM32F0xx_FWLib\src\stm32f0xx_dma.c   0x00000000   Number         0  stm32f0xx_dma.o ABSOLUTE
    ..\STM32F0xx_FWLib\src\stm32f0xx_exti.c  0x00000000   Number         0  stm32f0xx_exti.o ABSOLUTE
    ..\STM32F0xx_FWLib\src\stm32f0xx_flash.c 0x00000000   Number         0  stm32f0xx_flash.o ABSOLUTE
    ..\STM32F0xx_FWLib\src\stm32f0xx_gpio.c  0x00000000   Number         0  stm32f0xx_gpio.o ABSOLUTE
    ..\STM32F0xx_FWLib\src\stm32f0xx_i2c.c   0x00000000   Number         0  stm32f0xx_i2c.o ABSOLUTE
    ..\STM32F0xx_FWLib\src\stm32f0xx_iwdg.c  0x00000000   Number         0  stm32f0xx_iwdg.o ABSOLUTE
    ..\STM32F0xx_FWLib\src\stm32f0xx_misc.c  0x00000000   Number         0  stm32f0xx_misc.o ABSOLUTE
    ..\STM32F0xx_FWLib\src\stm32f0xx_pwr.c   0x00000000   Number         0  stm32f0xx_pwr.o ABSOLUTE
    ..\STM32F0xx_FWLib\src\stm32f0xx_rcc.c   0x00000000   Number         0  stm32f0xx_rcc.o ABSOLUTE
    ..\STM32F0xx_FWLib\src\stm32f0xx_rtc.c   0x00000000   Number         0  stm32f0xx_rtc.o ABSOLUTE
    ..\STM32F0xx_FWLib\src\stm32f0xx_spi.c   0x00000000   Number         0  stm32f0xx_spi.o ABSOLUTE
    ..\STM32F0xx_FWLib\src\stm32f0xx_syscfg.c 0x00000000   Number         0  stm32f0xx_syscfg.o ABSOLUTE
    ..\STM32F0xx_FWLib\src\stm32f0xx_tim.c   0x00000000   Number         0  stm32f0xx_tim.o ABSOLUTE
    ..\STM32F0xx_FWLib\src\stm32f0xx_usart.c 0x00000000   Number         0  stm32f0xx_usart.o ABSOLUTE
    ..\STM32F0xx_FWLib\src\stm32f0xx_wwdg.c  0x00000000   Number         0  stm32f0xx_wwdg.o ABSOLUTE
    ..\SYSTEM\delay\delay.c                  0x00000000   Number         0  delay.o ABSOLUTE
    ..\\HARDWARE\\KEY\\key.c                 0x00000000   Number         0  key.o ABSOLUTE
    ..\\HARDWARE\\LED\\LED.c                 0x00000000   Number         0  led.o ABSOLUTE
    ..\\HARDWARE\\OLED\\oled.c               0x00000000   Number         0  oled.o ABSOLUTE
    ..\\HARDWARE\\POWER\\pwr.c               0x00000000   Number         0  pwr.o ABSOLUTE
    ..\\HARDWARE\\SHT20\\SHT2x.c             0x00000000   Number         0  sht2x.o ABSOLUTE
    ..\\HARDWARE\\USART1\\USART1.c           0x00000000   Number         0  usart1.o ABSOLUTE
    ..\\STM32F0xx_FWLib\\src\\stm32f0xx_adc.c 0x00000000   Number         0  stm32f0xx_adc.o ABSOLUTE
    ..\\STM32F0xx_FWLib\\src\\stm32f0xx_cec.c 0x00000000   Number         0  stm32f0xx_cec.o ABSOLUTE
    ..\\STM32F0xx_FWLib\\src\\stm32f0xx_comp.c 0x00000000   Number         0  stm32f0xx_comp.o ABSOLUTE
    ..\\STM32F0xx_FWLib\\src\\stm32f0xx_crc.c 0x00000000   Number         0  stm32f0xx_crc.o ABSOLUTE
    ..\\STM32F0xx_FWLib\\src\\stm32f0xx_dac.c 0x00000000   Number         0  stm32f0xx_dac.o ABSOLUTE
    ..\\STM32F0xx_FWLib\\src\\stm32f0xx_dbgmcu.c 0x00000000   Number         0  stm32f0xx_dbgmcu.o ABSOLUTE
    ..\\STM32F0xx_FWLib\\src\\stm32f0xx_dma.c 0x00000000   Number         0  stm32f0xx_dma.o ABSOLUTE
    ..\\STM32F0xx_FWLib\\src\\stm32f0xx_exti.c 0x00000000   Number         0  stm32f0xx_exti.o ABSOLUTE
    ..\\STM32F0xx_FWLib\\src\\stm32f0xx_flash.c 0x00000000   Number         0  stm32f0xx_flash.o ABSOLUTE
    ..\\STM32F0xx_FWLib\\src\\stm32f0xx_gpio.c 0x00000000   Number         0  stm32f0xx_gpio.o ABSOLUTE
    ..\\STM32F0xx_FWLib\\src\\stm32f0xx_i2c.c 0x00000000   Number         0  stm32f0xx_i2c.o ABSOLUTE
    ..\\STM32F0xx_FWLib\\src\\stm32f0xx_iwdg.c 0x00000000   Number         0  stm32f0xx_iwdg.o ABSOLUTE
    ..\\STM32F0xx_FWLib\\src\\stm32f0xx_misc.c 0x00000000   Number         0  stm32f0xx_misc.o ABSOLUTE
    ..\\STM32F0xx_FWLib\\src\\stm32f0xx_pwr.c 0x00000000   Number         0  stm32f0xx_pwr.o ABSOLUTE
    ..\\STM32F0xx_FWLib\\src\\stm32f0xx_rcc.c 0x00000000   Number         0  stm32f0xx_rcc.o ABSOLUTE
    ..\\STM32F0xx_FWLib\\src\\stm32f0xx_rtc.c 0x00000000   Number         0  stm32f0xx_rtc.o ABSOLUTE
    ..\\STM32F0xx_FWLib\\src\\stm32f0xx_spi.c 0x00000000   Number         0  stm32f0xx_spi.o ABSOLUTE
    ..\\STM32F0xx_FWLib\\src\\stm32f0xx_syscfg.c 0x00000000   Number         0  stm32f0xx_syscfg.o ABSOLUTE
    ..\\STM32F0xx_FWLib\\src\\stm32f0xx_tim.c 0x00000000   Number         0  stm32f0xx_tim.o ABSOLUTE
    ..\\STM32F0xx_FWLib\\src\\stm32f0xx_usart.c 0x00000000   Number         0  stm32f0xx_usart.o ABSOLUTE
    ..\\STM32F0xx_FWLib\\src\\stm32f0xx_wwdg.c 0x00000000   Number         0  stm32f0xx_wwdg.o ABSOLUTE
    ..\\SYSTEM\\delay\\delay.c               0x00000000   Number         0  delay.o ABSOLUTE
    ..\\mcu_sdk\\mcu_api.c                   0x00000000   Number         0  mcu_api.o ABSOLUTE
    ..\\mcu_sdk\\protocol.c                  0x00000000   Number         0  protocol.o ABSOLUTE
    ..\\mcu_sdk\\system.c                    0x00000000   Number         0  system.o ABSOLUTE
    ..\mcu_sdk\mcu_api.c                     0x00000000   Number         0  mcu_api.o ABSOLUTE
    ..\mcu_sdk\protocol.c                    0x00000000   Number         0  protocol.o ABSOLUTE
    ..\mcu_sdk\system.c                      0x00000000   Number         0  system.o ABSOLUTE
    dc.s                                     0x00000000   Number         0  dc.o ABSOLUTE
    main.c                                   0x00000000   Number         0  main.o ABSOLUTE
    main.c                                   0x00000000   Number         0  main.o ABSOLUTE
    stm32f0xx_it.c                           0x00000000   Number         0  stm32f0xx_it.o ABSOLUTE
    stm32f0xx_it.c                           0x00000000   Number         0  stm32f0xx_it.o ABSOLUTE
    system_stm32f0xx.c                       0x00000000   Number         0  system_stm32f0xx.o ABSOLUTE
    system_stm32f0xx.c                       0x00000000   Number         0  system_stm32f0xx.o ABSOLUTE
    RESET                                    0x08000000   Section      176  startup_stm32f0xx_ld.o(RESET)
    !!!main                                  0x080000b0   Section        8  __main.o(!!!main)
    !!!scatter                               0x080000b8   Section       60  __scatter.o(!!!scatter)
    !!handler_zi                             0x080000f4   Section       28  __scatter_zi.o(!!handler_zi)
    .ARM.Collect$$libinit$$00000000          0x08000110   Section        2  libinit.o(.ARM.Collect$$libinit$$00000000)
    .ARM.Collect$$libinit$$00000002          0x08000112   Section        0  libinit2.o(.ARM.Collect$$libinit$$00000002)
    .ARM.Collect$$libinit$$00000004          0x08000112   Section        0  libinit2.o(.ARM.Collect$$libinit$$00000004)
    .ARM.Collect$$libinit$$0000000A          0x08000112   Section        0  libinit2.o(.ARM.Collect$$libinit$$0000000A)
    .ARM.Collect$$libinit$$0000000C          0x08000112   Section        0  libinit2.o(.ARM.Collect$$libinit$$0000000C)
    .ARM.Collect$$libinit$$0000000E          0x08000112   Section        0  libinit2.o(.ARM.Collect$$libinit$$0000000E)
    .ARM.Collect$$libinit$$00000011          0x08000112   Section        0  libinit2.o(.ARM.Collect$$libinit$$00000011)
    .ARM.Collect$$libinit$$00000013          0x08000112   Section        0  libinit2.o(.ARM.Collect$$libinit$$00000013)
    .ARM.Collect$$libinit$$00000015          0x08000112   Section        0  libinit2.o(.ARM.Collect$$libinit$$00000015)
    .ARM.Collect$$libinit$$00000017          0x08000112   Section        0  libinit2.o(.ARM.Collect$$libinit$$00000017)
    .ARM.Collect$$libinit$$00000019          0x08000112   Section        0  libinit2.o(.ARM.Collect$$libinit$$00000019)
    .ARM.Collect$$libinit$$0000001B          0x08000112   Section        0  libinit2.o(.ARM.Collect$$libinit$$0000001B)
    .ARM.Collect$$libinit$$0000001D          0x08000112   Section        0  libinit2.o(.ARM.Collect$$libinit$$0000001D)
    .ARM.Collect$$libinit$$0000001F          0x08000112   Section        0  libinit2.o(.ARM.Collect$$libinit$$0000001F)
    .ARM.Collect$$libinit$$00000021          0x08000112   Section        0  libinit2.o(.ARM.Collect$$libinit$$00000021)
    .ARM.Collect$$libinit$$00000023          0x08000112   Section        0  libinit2.o(.ARM.Collect$$libinit$$00000023)
    .ARM.Collect$$libinit$$00000025          0x08000112   Section        0  libinit2.o(.ARM.Collect$$libinit$$00000025)
    .ARM.Collect$$libinit$$0000002C          0x08000112   Section        0  libinit2.o(.ARM.Collect$$libinit$$0000002C)
    .ARM.Collect$$libinit$$0000002E          0x08000112   Section        0  libinit2.o(.ARM.Collect$$libinit$$0000002E)
    .ARM.Collect$$libinit$$00000030          0x08000112   Section        0  libinit2.o(.ARM.Collect$$libinit$$00000030)
    .ARM.Collect$$libinit$$00000032          0x08000112   Section        0  libinit2.o(.ARM.Collect$$libinit$$00000032)
    .ARM.Collect$$libinit$$00000033          0x08000112   Section        2  libinit2.o(.ARM.Collect$$libinit$$00000033)
    .ARM.Collect$$libshutdown$$00000000      0x08000114   Section        2  libshutdown.o(.ARM.Collect$$libshutdown$$00000000)
    .ARM.Collect$$libshutdown$$00000002      0x08000116   Section        0  libshutdown2.o(.ARM.Collect$$libshutdown$$00000002)
    .ARM.Collect$$libshutdown$$00000004      0x08000116   Section        0  libshutdown2.o(.ARM.Collect$$libshutdown$$00000004)
    .ARM.Collect$$libshutdown$$00000007      0x08000116   Section        0  libshutdown2.o(.ARM.Collect$$libshutdown$$00000007)
    .ARM.Collect$$libshutdown$$0000000A      0x08000116   Section        0  libshutdown2.o(.ARM.Collect$$libshutdown$$0000000A)
    .ARM.Collect$$libshutdown$$0000000C      0x08000116   Section        0  libshutdown2.o(.ARM.Collect$$libshutdown$$0000000C)
    .ARM.Collect$$libshutdown$$0000000F      0x08000116   Section        0  libshutdown2.o(.ARM.Collect$$libshutdown$$0000000F)
    .ARM.Collect$$libshutdown$$00000010      0x08000116   Section        2  libshutdown2.o(.ARM.Collect$$libshutdown$$00000010)
    .ARM.Collect$$rtentry$$00000000          0x08000118   Section        0  __rtentry.o(.ARM.Collect$$rtentry$$00000000)
    .ARM.Collect$$rtentry$$00000002          0x08000118   Section        0  __rtentry2.o(.ARM.Collect$$rtentry$$00000002)
    .ARM.Collect$$rtentry$$00000004          0x08000118   Section        6  __rtentry4.o(.ARM.Collect$$rtentry$$00000004)
    .ARM.Collect$$rtentry$$00000009          0x0800011e   Section        0  __rtentry2.o(.ARM.Collect$$rtentry$$00000009)
    .ARM.Collect$$rtentry$$0000000A          0x0800011e   Section        4  __rtentry2.o(.ARM.Collect$$rtentry$$0000000A)
    .ARM.Collect$$rtentry$$0000000C          0x08000122   Section        0  __rtentry2.o(.ARM.Collect$$rtentry$$0000000C)
    .ARM.Collect$$rtentry$$0000000D          0x08000122   Section        8  __rtentry2.o(.ARM.Collect$$rtentry$$0000000D)
    .ARM.Collect$$rtexit$$00000000           0x0800012a   Section        2  rtexit.o(.ARM.Collect$$rtexit$$00000000)
    .ARM.Collect$$rtexit$$00000002           0x0800012c   Section        0  rtexit2.o(.ARM.Collect$$rtexit$$00000002)
    .ARM.Collect$$rtexit$$00000003           0x0800012c   Section        4  rtexit2.o(.ARM.Collect$$rtexit$$00000003)
    .ARM.Collect$$rtexit$$00000004           0x08000130   Section        6  rtexit2.o(.ARM.Collect$$rtexit$$00000004)
    .text                                    0x08000138   Section       56  startup_stm32f0xx_ld.o(.text)
    .text                                    0x08000170   Section      346  aeabi_sdiv.o(.text)
    .text                                    0x080002ca   Section        0  heapauxi.o(.text)
    .text                                    0x080002d0   Section        0  d2f.o(.text)
    .text                                    0x0800034c   Section        0  daddsub.o(.text)
    _dadd1                                   0x0800034d   Thumb Code   290  daddsub.o(.text)
    _dsub1                                   0x0800046f   Thumb Code   470  daddsub.o(.text)
    .text                                    0x080006a4   Section        0  dmul.o(.text)
    .text                                    0x080008ec   Section        0  f2d.o(.text)
    .text                                    0x08000940   Section        0  fdiv.o(.text)
    .text                                    0x08000aa0   Section        0  ffixi.o(.text)
    .text                                    0x08000aec   Section        0  fflti.o(.text)
    .text                                    0x08000b4c   Section        0  fcmpin.o(.text)
    .text                                    0x08000bb0   Section        0  cmpret.o(.text)
    .text                                    0x08000be0   Section        0  fnan2.o(.text)
    .text                                    0x08000bf0   Section       62  sys_stackheap_outer.o(.text)
    .text                                    0x08000c2e   Section        0  exit.o(.text)
    .text                                    0x08000c3e   Section        0  retnan.o(.text)
    .text                                    0x08000c9c   Section        8  libspace.o(.text)
    .text                                    0x08000ca4   Section        0  sys_exit.o(.text)
    .text                                    0x08000cb0   Section        2  use_no_semi.o(.text)
    .text                                    0x08000cb2   Section        0  __dczerorl2.o(.text)
    .text                                    0x08000cb2   Section        0  indicate_semi.o(.text)
    i.GPIO_Init                              0x08000d08   Section        0  stm32f0xx_gpio.o(i.GPIO_Init)
    i.GPIO_PinAFConfig                       0x08000d98   Section        0  stm32f0xx_gpio.o(i.GPIO_PinAFConfig)
    i.GPIO_ReadInputDataBit                  0x08000ddc   Section        0  stm32f0xx_gpio.o(i.GPIO_ReadInputDataBit)
    i.GPIO_ResetBits                         0x08000df0   Section        0  stm32f0xx_gpio.o(i.GPIO_ResetBits)
    i.GPIO_SetBits                           0x08000df4   Section        0  stm32f0xx_gpio.o(i.GPIO_SetBits)
    i.HardFault_Handler                      0x08000df8   Section        0  stm32f0xx_it.o(i.HardFault_Handler)
    i.IIC_SHT20_Ack                          0x08000dfc   Section        0  sht2x.o(i.IIC_SHT20_Ack)
    i.IIC_SHT20_Init                         0x08000e5a   Section        0  sht2x.o(i.IIC_SHT20_Init)
    i.IIC_SHT20_NAck                         0x08000ea6   Section        0  sht2x.o(i.IIC_SHT20_NAck)
    i.IIC_SHT20_Read_Byte                    0x08000f06   Section        0  sht2x.o(i.IIC_SHT20_Read_Byte)
    i.IIC_SHT20_Send_Byte                    0x08000f74   Section        0  sht2x.o(i.IIC_SHT20_Send_Byte)
    i.IIC_SHT20_Start                        0x08000ffa   Section        0  sht2x.o(i.IIC_SHT20_Start)
    i.IIC_SHT20_Stop                         0x0800105e   Section        0  sht2x.o(i.IIC_SHT20_Stop)
    i.IIC_SHT20_Wait_Ack                     0x080010c2   Section        0  sht2x.o(i.IIC_SHT20_Wait_Ack)
    i.IIC_Start                              0x08001134   Section        0  oled.o(i.IIC_Start)
    i.IIC_Stop                               0x08001160   Section        0  oled.o(i.IIC_Stop)
    i.IIC_Wait_Ack                           0x08001184   Section        0  oled.o(i.IIC_Wait_Ack)
    i.KEY_Init                               0x0800119c   Section        0  key.o(i.KEY_Init)
    i.KEY_SCAN                               0x080011c4   Section        0  key.o(i.KEY_SCAN)
    i.LED_Flash_fast                         0x0800128c   Section        0  led.o(i.LED_Flash_fast)
    i.LED_Flash_low                          0x080012b0   Section        0  led.o(i.LED_Flash_low)
    i.LED_Init                               0x080012d8   Section        0  led.o(i.LED_Init)
    i.NMI_Handler                            0x0800130a   Section        0  stm32f0xx_it.o(i.NMI_Handler)
    i.NVIC_Init                              0x0800130c   Section        0  stm32f0xx_misc.o(i.NVIC_Init)
    i.OLED_Clear                             0x0800137c   Section        0  oled.o(i.OLED_Clear)
    i.OLED_Display_Off                       0x080013ba   Section        0  oled.o(i.OLED_Display_Off)
    i.OLED_Display_On                        0x080013d6   Section        0  oled.o(i.OLED_Display_On)
    i.OLED_Init                              0x080013f4   Section        0  oled.o(i.OLED_Init)
    i.OLED_Set_Pos                           0x0800152c   Section        0  oled.o(i.OLED_Set_Pos)
    i.OLED_ShowCHinese                       0x08001558   Section        0  oled.o(i.OLED_ShowCHinese)
    i.OLED_ShowChar                          0x080015b8   Section        0  oled.o(i.OLED_ShowChar)
    i.OLED_ShowFloatNumber                   0x08001654   Section        0  oled.o(i.OLED_ShowFloatNumber)
    i.OLED_ShowNum                           0x080017dc   Section        0  oled.o(i.OLED_ShowNum)
    i.OLED_ShowString                        0x0800186e   Section        0  oled.o(i.OLED_ShowString)
    i.OLED_WR_Byte                           0x080018a6   Section        0  oled.o(i.OLED_WR_Byte)
    i.OLED_WS_DIS                            0x080018c0   Section        0  main.o(i.OLED_WS_DIS)
    i.PWR_Init                               0x08001978   Section        0  pwr.o(i.PWR_Init)
    i.PendSV_Handler                         0x080019a0   Section        0  stm32f0xx_it.o(i.PendSV_Handler)
    i.RCC_AHBPeriphClockCmd                  0x080019a4   Section        0  stm32f0xx_rcc.o(i.RCC_AHBPeriphClockCmd)
    i.RCC_APB2PeriphClockCmd                 0x080019c4   Section        0  stm32f0xx_rcc.o(i.RCC_APB2PeriphClockCmd)
    i.RCC_GetClocksFreq                      0x080019e4   Section        0  stm32f0xx_rcc.o(i.RCC_GetClocksFreq)
    i.SDA_SHT20_IN                           0x08001b50   Section        0  sht2x.o(i.SDA_SHT20_IN)
    i.SDA_SHT20_OUT                          0x08001b68   Section        0  sht2x.o(i.SDA_SHT20_OUT)
    i.SHT2x_GetHumiPoll                      0x08001b88   Section        0  sht2x.o(i.SHT2x_GetHumiPoll)
    i.SHT2x_GetTempPoll                      0x08001c40   Section        0  sht2x.o(i.SHT2x_GetTempPoll)
    i.SHT2x_Init                             0x08001d00   Section        0  sht2x.o(i.SHT2x_Init)
    i.SHT2x_SoftReset                        0x08001d10   Section        0  sht2x.o(i.SHT2x_SoftReset)
    i.SVC_Handler                            0x08001d38   Section        0  stm32f0xx_it.o(i.SVC_Handler)
    i.SetSysClock                            0x08001d3c   Section        0  system_stm32f0xx.o(i.SetSysClock)
    SetSysClock                              0x08001d3d   Thumb Code   206  system_stm32f0xx.o(i.SetSysClock)
    i.SysTick_CLKSourceConfig                0x08001e14   Section        0  stm32f0xx_misc.o(i.SysTick_CLKSourceConfig)
    i.SysTick_Handler                        0x08001e38   Section        0  stm32f0xx_it.o(i.SysTick_Handler)
    i.SystemInit                             0x08001e3c   Section        0  system_stm32f0xx.o(i.SystemInit)
    i.USART1_IRQHandler                      0x08001eb8   Section        0  usart1.o(i.USART1_IRQHandler)
    i.USART1_Init                            0x08001ee0   Section        0  usart1.o(i.USART1_Init)
    i.USART1_SendByte                        0x08001f78   Section        0  usart1.o(i.USART1_SendByte)
    i.USART_Cmd                              0x08001f94   Section        0  stm32f0xx_usart.o(i.USART_Cmd)
    i.USART_GetITStatus                      0x08001fac   Section        0  stm32f0xx_usart.o(i.USART_GetITStatus)
    i.USART_ITConfig                         0x08001ffa   Section        0  stm32f0xx_usart.o(i.USART_ITConfig)
    i.USART_Init                             0x0800203c   Section        0  stm32f0xx_usart.o(i.USART_Init)
    i.Write_IIC_Byte                         0x08002114   Section        0  oled.o(i.Write_IIC_Byte)
    i.Write_IIC_Command                      0x08002168   Section        0  oled.o(i.Write_IIC_Command)
    i.Write_IIC_Data                         0x08002194   Section        0  oled.o(i.Write_IIC_Data)
    i.__ARM_common_switch8                   0x080021c0   Section        0  system.o(i.__ARM_common_switch8)
    i.all_data_update                        0x080021dc   Section        0  protocol.o(i.all_data_update)
    i.data_handle                            0x080021f0   Section        0  system.o(i.data_handle)
    i.data_point_handle                      0x080022cc   Section        0  system.o(i.data_point_handle)
    data_point_handle                        0x080022cd   Thumb Code    60  system.o(i.data_point_handle)
    i.delay_init                             0x0800230c   Section        0  delay.o(i.delay_init)
    i.delay_ms                               0x08002348   Section        0  delay.o(i.delay_ms)
    i.delay_us                               0x0800239c   Section        0  delay.o(i.delay_us)
    i.dp_download_handle                     0x080023f0   Section        0  protocol.o(i.dp_download_handle)
    i.get_check_sum                          0x080023fa   Section        0  system.o(i.get_check_sum)
    i.get_dowmload_dpid_index                0x08002418   Section        0  system.o(i.get_dowmload_dpid_index)
    get_dowmload_dpid_index                  0x08002419   Thumb Code    40  system.o(i.get_dowmload_dpid_index)
    i.get_download_cmd_total                 0x08002444   Section        0  protocol.o(i.get_download_cmd_total)
    i.get_mcu_wifi_mode                      0x08002448   Section        0  system.o(i.get_mcu_wifi_mode)
    get_mcu_wifi_mode                        0x08002449   Thumb Code    16  system.o(i.get_mcu_wifi_mode)
    i.heat_beat_check                        0x08002458   Section        0  system.o(i.heat_beat_check)
    heat_beat_check                          0x08002459   Thumb Code    52  system.o(i.heat_beat_check)
    i.main                                   0x08002490   Section        0  main.o(i.main)
    i.mcu_dp_value_update                    0x080025a8   Section        0  mcu_api.o(i.mcu_dp_value_update)
    i.mcu_get_wifi_work_state                0x08002620   Section        0  mcu_api.o(i.mcu_get_wifi_work_state)
    i.mcu_set_wifi_mode                      0x0800262c   Section        0  mcu_api.o(i.mcu_set_wifi_mode)
    i.my_memcpy                              0x08002654   Section        0  mcu_api.o(i.my_memcpy)
    i.my_strlen                              0x080026a0   Section        0  mcu_api.o(i.my_strlen)
    i.oled_pow                               0x080026bc   Section        0  oled.o(i.oled_pow)
    i.product_info_update                    0x080026d8   Section        0  system.o(i.product_info_update)
    product_info_update                      0x080026d9   Thumb Code   164  system.o(i.product_info_update)
    i.set_wifi_uart_buffer                   0x080027b8   Section        0  system.o(i.set_wifi_uart_buffer)
    i.set_wifi_uart_byte                     0x080027dc   Section        0  system.o(i.set_wifi_uart_byte)
    i.take_byte_rxbuff                       0x080027ec   Section        0  system.o(i.take_byte_rxbuff)
    i.uart_receive_input                     0x08002828   Section        0  mcu_api.o(i.uart_receive_input)
    i.uart_transmit_output                   0x08002880   Section        0  protocol.o(i.uart_transmit_output)
    i.wifi_protocol_init                     0x0800288c   Section        0  mcu_api.o(i.wifi_protocol_init)
    i.wifi_test_result                       0x080028b8   Section        0  protocol.o(i.wifi_test_result)
    i.wifi_uart_service                      0x080028c4   Section        0  mcu_api.o(i.wifi_uart_service)
    i.wifi_uart_write_data                   0x080029b4   Section        0  system.o(i.wifi_uart_write_data)
    wifi_uart_write_data                     0x080029b5   Thumb Code    40  system.o(i.wifi_uart_write_data)
    i.wifi_uart_write_frame                  0x080029dc   Section        0  system.o(i.wifi_uart_write_frame)
    i.with_data_rxbuff                       0x08002a20   Section        0  system.o(i.with_data_rxbuff)
    x$fpl$fadd                               0x08002a3c   Section      140  faddsub.o(x$fpl$fadd)
    _fadd1                                   0x08002a49   Thumb Code     0  faddsub.o(x$fpl$fadd)
    x$fpl$fmul                               0x08002ac8   Section      176  fmul.o(x$fpl$fmul)
    x$fpl$frleqf                             0x08002b78   Section       88  frlef.o(x$fpl$frleqf)
    x$fpl$frsb                               0x08002bd0   Section       24  faddsub.o(x$fpl$frsb)
    x$fpl$fsub                               0x08002be8   Section      208  faddsub.o(x$fpl$fsub)
    _fsub1                                   0x08002bf5   Thumb Code     0  faddsub.o(x$fpl$fsub)
    .constdata                               0x08002cb8   Section     2072  oled.o(.constdata)
    x$fpl$usenofp                            0x08002cb8   Section        0  usenofp.o(x$fpl$usenofp)
    .constdata                               0x080034d0   Section        4  protocol.o(.constdata)
    .constdata                               0x080034d4   Section       64  fdiv.o(.constdata)
    fdiv_tab                                 0x080034d4   Data          64  fdiv.o(.constdata)
    .data                                    0x20000000   Section       20  system_stm32f0xx.o(.data)
    .data                                    0x20000014   Section        4  delay.o(.data)
    fac_us                                   0x20000014   Data           1  delay.o(.data)
    fac_ms                                   0x20000016   Data           2  delay.o(.data)
    .data                                    0x20000018   Section      512  oled.o(.data)
    .data                                    0x20000218   Section       16  stm32f0xx_rcc.o(.data)
    APBAHBPrescTable                         0x20000218   Data          16  stm32f0xx_rcc.o(.data)
    .data                                    0x20000228   Section        2  mcu_api.o(.data)
    rx_in                                    0x20000228   Data           2  mcu_api.o(.data)
    .data                                    0x2000022c   Section       13  system.o(.data)
    mcu_reset_state                          0x20000238   Data           1  system.o(.data)
    .bss                                     0x2000023c   Section      109  system.o(.bss)
    .bss                                     0x200002ac   Section       96  libspace.o(.bss)
    HEAP                                     0x20000310   Section      512  startup_stm32f0xx_ld.o(HEAP)
    Heap_Mem                                 0x20000310   Data         512  startup_stm32f0xx_ld.o(HEAP)
    STACK                                    0x20000510   Section     1024  startup_stm32f0xx_ld.o(STACK)
    Stack_Mem                                0x20000510   Data        1024  startup_stm32f0xx_ld.o(STACK)
    __initial_sp                             0x20000910   Data           0  startup_stm32f0xx_ld.o(STACK)

    Global Symbols

    Symbol Name                              Value     Ov Type        Size  Object(Section)

    BuildAttributes$$THM_ISAv3M$S$PE$A:L22$X:L11$S22$IEEE1$IW$USESV6$~STKCKD$USESV7$~SHL$OSPACE$ROPI$EBA8$UX$STANDARDLIB$REQ8$PRES8$EABIv2 0x00000000   Number         0  anon$$obj.o ABSOLUTE
    __ARM_use_no_argv                        0x00000000   Number         0  main.o ABSOLUTE
    __ARM_exceptions_init                     - Undefined Weak Reference
    __alloca_initialize                       - Undefined Weak Reference
    __arm_preinit_                            - Undefined Weak Reference
    __cpp_initialize__aeabi_                  - Undefined Weak Reference
    __cxa_finalize                            - Undefined Weak Reference
    __rt_locale                               - Undefined Weak Reference
    __sigvec_lookup                           - Undefined Weak Reference
    _atexit_init                              - Undefined Weak Reference
    _call_atexit_fns                          - Undefined Weak Reference
    _clock_init                               - Undefined Weak Reference
    _fp_trap_init                             - Undefined Weak Reference
    _fp_trap_shutdown                         - Undefined Weak Reference
    _get_lc_collate                           - Undefined Weak Reference
    _get_lc_ctype                             - Undefined Weak Reference
    _get_lc_monetary                          - Undefined Weak Reference
    _get_lc_numeric                           - Undefined Weak Reference
    _get_lc_time                              - Undefined Weak Reference
    _getenv_init                              - Undefined Weak Reference
    _handle_redirection                       - Undefined Weak Reference
    _init_alloc                               - Undefined Weak Reference
    _init_user_alloc                          - Undefined Weak Reference
    _initio                                   - Undefined Weak Reference
    _rand_init                                - Undefined Weak Reference
    _signal_finish                            - Undefined Weak Reference
    _signal_init                              - Undefined Weak Reference
    _terminate_alloc                          - Undefined Weak Reference
    _terminate_user_alloc                     - Undefined Weak Reference
    _terminateio                              - Undefined Weak Reference
    __Vectors_Size                           0x000000b0   Number         0  startup_stm32f0xx_ld.o ABSOLUTE
    __Vectors                                0x08000000   Data           4  startup_stm32f0xx_ld.o(RESET)
    __Vectors_End                            0x080000b0   Data           0  startup_stm32f0xx_ld.o(RESET)
    __main                                   0x080000b1   Thumb Code     8  __main.o(!!!main)
    __scatterload                            0x080000b9   Thumb Code     0  __scatter.o(!!!scatter)
    __scatterload_rt2                        0x080000b9   Thumb Code    52  __scatter.o(!!!scatter)
    __scatterload_rt2_thumb_only             0x080000b9   Thumb Code     0  __scatter.o(!!!scatter)
    __scatterload_null                       0x080000c9   Thumb Code     0  __scatter.o(!!!scatter)
    __scatterload_zeroinit                   0x080000f5   Thumb Code    28  __scatter_zi.o(!!handler_zi)
    __rt_lib_init                            0x08000111   Thumb Code     0  libinit.o(.ARM.Collect$$libinit$$00000000)
    __rt_lib_init_alloca_1                   0x08000113   Thumb Code     0  libinit2.o(.ARM.Collect$$libinit$$0000002E)
    __rt_lib_init_argv_1                     0x08000113   Thumb Code     0  libinit2.o(.ARM.Collect$$libinit$$0000002C)
    __rt_lib_init_atexit_1                   0x08000113   Thumb Code     0  libinit2.o(.ARM.Collect$$libinit$$0000001B)
    __rt_lib_init_clock_1                    0x08000113   Thumb Code     0  libinit2.o(.ARM.Collect$$libinit$$00000021)
    __rt_lib_init_cpp_1                      0x08000113   Thumb Code     0  libinit2.o(.ARM.Collect$$libinit$$00000032)
    __rt_lib_init_exceptions_1               0x08000113   Thumb Code     0  libinit2.o(.ARM.Collect$$libinit$$00000030)
    __rt_lib_init_fp_1                       0x08000113   Thumb Code     0  libinit2.o(.ARM.Collect$$libinit$$00000002)
    __rt_lib_init_fp_trap_1                  0x08000113   Thumb Code     0  libinit2.o(.ARM.Collect$$libinit$$0000001F)
    __rt_lib_init_getenv_1                   0x08000113   Thumb Code     0  libinit2.o(.ARM.Collect$$libinit$$00000023)
    __rt_lib_init_heap_1                     0x08000113   Thumb Code     0  libinit2.o(.ARM.Collect$$libinit$$0000000A)
    __rt_lib_init_lc_collate_1               0x08000113   Thumb Code     0  libinit2.o(.ARM.Collect$$libinit$$00000011)
    __rt_lib_init_lc_ctype_1                 0x08000113   Thumb Code     0  libinit2.o(.ARM.Collect$$libinit$$00000013)
    __rt_lib_init_lc_monetary_1              0x08000113   Thumb Code     0  libinit2.o(.ARM.Collect$$libinit$$00000015)
    __rt_lib_init_lc_numeric_1               0x08000113   Thumb Code     0  libinit2.o(.ARM.Collect$$libinit$$00000017)
    __rt_lib_init_lc_time_1                  0x08000113   Thumb Code     0  libinit2.o(.ARM.Collect$$libinit$$00000019)
    __rt_lib_init_preinit_1                  0x08000113   Thumb Code     0  libinit2.o(.ARM.Collect$$libinit$$00000004)
    __rt_lib_init_rand_1                     0x08000113   Thumb Code     0  libinit2.o(.ARM.Collect$$libinit$$0000000E)
    __rt_lib_init_return                     0x08000113   Thumb Code     0  libinit2.o(.ARM.Collect$$libinit$$00000033)
    __rt_lib_init_signal_1                   0x08000113   Thumb Code     0  libinit2.o(.ARM.Collect$$libinit$$0000001D)
    __rt_lib_init_stdio_1                    0x08000113   Thumb Code     0  libinit2.o(.ARM.Collect$$libinit$$00000025)
    __rt_lib_init_user_alloc_1               0x08000113   Thumb Code     0  libinit2.o(.ARM.Collect$$libinit$$0000000C)
    __rt_lib_shutdown                        0x08000115   Thumb Code     0  libshutdown.o(.ARM.Collect$$libshutdown$$00000000)
    __rt_lib_shutdown_cpp_1                  0x08000117   Thumb Code     0  libshutdown2.o(.ARM.Collect$$libshutdown$$00000002)
    __rt_lib_shutdown_fp_trap_1              0x08000117   Thumb Code     0  libshutdown2.o(.ARM.Collect$$libshutdown$$00000007)
    __rt_lib_shutdown_heap_1                 0x08000117   Thumb Code     0  libshutdown2.o(.ARM.Collect$$libshutdown$$0000000F)
    __rt_lib_shutdown_return                 0x08000117   Thumb Code     0  libshutdown2.o(.ARM.Collect$$libshutdown$$00000010)
    __rt_lib_shutdown_signal_1               0x08000117   Thumb Code     0  libshutdown2.o(.ARM.Collect$$libshutdown$$0000000A)
    __rt_lib_shutdown_stdio_1                0x08000117   Thumb Code     0  libshutdown2.o(.ARM.Collect$$libshutdown$$00000004)
    __rt_lib_shutdown_user_alloc_1           0x08000117   Thumb Code     0  libshutdown2.o(.ARM.Collect$$libshutdown$$0000000C)
    __rt_entry                               0x08000119   Thumb Code     0  __rtentry.o(.ARM.Collect$$rtentry$$00000000)
    __rt_entry_presh_1                       0x08000119   Thumb Code     0  __rtentry2.o(.ARM.Collect$$rtentry$$00000002)
    __rt_entry_sh                            0x08000119   Thumb Code     0  __rtentry4.o(.ARM.Collect$$rtentry$$00000004)
    __rt_entry_li                            0x0800011f   Thumb Code     0  __rtentry2.o(.ARM.Collect$$rtentry$$0000000A)
    __rt_entry_postsh_1                      0x0800011f   Thumb Code     0  __rtentry2.o(.ARM.Collect$$rtentry$$00000009)
    __rt_entry_main                          0x08000123   Thumb Code     0  __rtentry2.o(.ARM.Collect$$rtentry$$0000000D)
    __rt_entry_postli_1                      0x08000123   Thumb Code     0  __rtentry2.o(.ARM.Collect$$rtentry$$0000000C)
    __rt_exit                                0x0800012b   Thumb Code     0  rtexit.o(.ARM.Collect$$rtexit$$00000000)
    __rt_exit_ls                             0x0800012d   Thumb Code     0  rtexit2.o(.ARM.Collect$$rtexit$$00000003)
    __rt_exit_prels_1                        0x0800012d   Thumb Code     0  rtexit2.o(.ARM.Collect$$rtexit$$00000002)
    __rt_exit_exit                           0x08000131   Thumb Code     0  rtexit2.o(.ARM.Collect$$rtexit$$00000004)
    Reset_Handler                            0x08000139   Thumb Code     8  startup_stm32f0xx_ld.o(.text)
    ADC1_IRQHandler                          0x0800014b   Thumb Code     0  startup_stm32f0xx_ld.o(.text)
    DMA1_Channel1_IRQHandler                 0x0800014b   Thumb Code     0  startup_stm32f0xx_ld.o(.text)
    DMA1_Channel2_3_IRQHandler               0x0800014b   Thumb Code     0  startup_stm32f0xx_ld.o(.text)
    DMA1_Channel4_5_IRQHandler               0x0800014b   Thumb Code     0  startup_stm32f0xx_ld.o(.text)
    EXTI0_1_IRQHandler                       0x0800014b   Thumb Code     0  startup_stm32f0xx_ld.o(.text)
    EXTI2_3_IRQHandler                       0x0800014b   Thumb Code     0  startup_stm32f0xx_ld.o(.text)
    EXTI4_15_IRQHandler                      0x0800014b   Thumb Code     0  startup_stm32f0xx_ld.o(.text)
    FLASH_IRQHandler                         0x0800014b   Thumb Code     0  startup_stm32f0xx_ld.o(.text)
    I2C1_IRQHandler                          0x0800014b   Thumb Code     0  startup_stm32f0xx_ld.o(.text)
    PVD_IRQHandler                           0x0800014b   Thumb Code     0  startup_stm32f0xx_ld.o(.text)
    RCC_IRQHandler                           0x0800014b   Thumb Code     0  startup_stm32f0xx_ld.o(.text)
    RTC_IRQHandler                           0x0800014b   Thumb Code     0  startup_stm32f0xx_ld.o(.text)
    SPI1_IRQHandler                          0x0800014b   Thumb Code     0  startup_stm32f0xx_ld.o(.text)
    TIM14_IRQHandler                         0x0800014b   Thumb Code     0  startup_stm32f0xx_ld.o(.text)
    TIM16_IRQHandler                         0x0800014b   Thumb Code     0  startup_stm32f0xx_ld.o(.text)
    TIM17_IRQHandler                         0x0800014b   Thumb Code     0  startup_stm32f0xx_ld.o(.text)
    TIM1_BRK_UP_TRG_COM_IRQHandler           0x0800014b   Thumb Code     0  startup_stm32f0xx_ld.o(.text)
    TIM1_CC_IRQHandler                       0x0800014b   Thumb Code     0  startup_stm32f0xx_ld.o(.text)
    TIM2_IRQHandler                          0x0800014b   Thumb Code     0  startup_stm32f0xx_ld.o(.text)
    TIM3_IRQHandler                          0x0800014b   Thumb Code     0  startup_stm32f0xx_ld.o(.text)
    WWDG_IRQHandler                          0x0800014b   Thumb Code     0  startup_stm32f0xx_ld.o(.text)
    __user_initial_stackheap                 0x0800014d   Thumb Code     0  startup_stm32f0xx_ld.o(.text)
    __aeabi_uidiv                            0x08000171   Thumb Code     0  aeabi_sdiv.o(.text)
    __aeabi_uidivmod                         0x08000171   Thumb Code    20  aeabi_sdiv.o(.text)
    __aeabi_idiv                             0x08000185   Thumb Code     0  aeabi_sdiv.o(.text)
    __aeabi_idivmod                          0x08000185   Thumb Code   326  aeabi_sdiv.o(.text)
    __use_two_region_memory                  0x080002cb   Thumb Code     2  heapauxi.o(.text)
    __rt_heap_escrow$2region                 0x080002cd   Thumb Code     2  heapauxi.o(.text)
    __rt_heap_expand$2region                 0x080002cf   Thumb Code     2  heapauxi.o(.text)
    __aeabi_d2f                              0x080002d1   Thumb Code     0  d2f.o(.text)
    _d2f                                     0x080002d1   Thumb Code   120  d2f.o(.text)
    __aeabi_dadd                             0x08000645   Thumb Code     0  daddsub.o(.text)
    _dadd                                    0x08000645   Thumb Code    26  daddsub.o(.text)
    __aeabi_dsub                             0x0800065f   Thumb Code     0  daddsub.o(.text)
    _dsub                                    0x0800065f   Thumb Code    22  daddsub.o(.text)
    __aeabi_drsub                            0x08000675   Thumb Code     0  daddsub.o(.text)
    _drsb                                    0x08000675   Thumb Code    28  daddsub.o(.text)
    __aeabi_dmul                             0x080006a5   Thumb Code     0  dmul.o(.text)
    _dmul                                    0x080006a5   Thumb Code   558  dmul.o(.text)
    __aeabi_f2d                              0x080008ed   Thumb Code     0  f2d.o(.text)
    _f2d                                     0x080008ed   Thumb Code    80  f2d.o(.text)
    __aeabi_fdiv                             0x08000941   Thumb Code     0  fdiv.o(.text)
    _fdiv                                    0x08000941   Thumb Code   334  fdiv.o(.text)
    _frdiv                                   0x08000a8f   Thumb Code     8  fdiv.o(.text)
    __aeabi_f2iz                             0x08000aa1   Thumb Code     0  ffixi.o(.text)
    _ffix                                    0x08000aa1   Thumb Code    76  ffixi.o(.text)
    __aeabi_i2f_normalise                    0x08000aed   Thumb Code    72  fflti.o(.text)
    __aeabi_i2f                              0x08000b35   Thumb Code    16  fflti.o(.text)
    _fflt                                    0x08000b35   Thumb Code     0  fflti.o(.text)
    __aeabi_ui2f                             0x08000b45   Thumb Code     6  fflti.o(.text)
    _ffltu                                   0x08000b45   Thumb Code     0  fflti.o(.text)
    __fpl_fcmp_InfNaN                        0x08000b4d   Thumb Code    96  fcmpin.o(.text)
    __fpl_cmpreturn                          0x08000bb1   Thumb Code    46  cmpret.o(.text)
    __fpl_fcheck_NaN2                        0x08000be1   Thumb Code    10  fnan2.o(.text)
    __user_setup_stackheap                   0x08000bf1   Thumb Code    62  sys_stackheap_outer.o(.text)
    exit                                     0x08000c2f   Thumb Code    16  exit.o(.text)
    __fpl_return_NaN                         0x08000c3f   Thumb Code    94  retnan.o(.text)
    __user_libspace                          0x08000c9d   Thumb Code     8  libspace.o(.text)
    __user_perproc_libspace                  0x08000c9d   Thumb Code     0  libspace.o(.text)
    __user_perthread_libspace                0x08000c9d   Thumb Code     0  libspace.o(.text)
    _sys_exit                                0x08000ca5   Thumb Code     8  sys_exit.o(.text)
    __I$use$semihosting                      0x08000cb1   Thumb Code     0  use_no_semi.o(.text)
    __use_no_semihosting_swi                 0x08000cb1   Thumb Code     2  use_no_semi.o(.text)
    __decompress                             0x08000cb3   Thumb Code     0  __dczerorl2.o(.text)
    __decompress1                            0x08000cb3   Thumb Code    86  __dczerorl2.o(.text)
    __semihosting_library_function           0x08000cb3   Thumb Code     0  indicate_semi.o(.text)
    GPIO_Init                                0x08000d09   Thumb Code   144  stm32f0xx_gpio.o(i.GPIO_Init)
    GPIO_PinAFConfig                         0x08000d99   Thumb Code    68  stm32f0xx_gpio.o(i.GPIO_PinAFConfig)
    GPIO_ReadInputDataBit                    0x08000ddd   Thumb Code    20  stm32f0xx_gpio.o(i.GPIO_ReadInputDataBit)
    GPIO_ResetBits                           0x08000df1   Thumb Code     4  stm32f0xx_gpio.o(i.GPIO_ResetBits)
    GPIO_SetBits                             0x08000df5   Thumb Code     4  stm32f0xx_gpio.o(i.GPIO_SetBits)
    HardFault_Handler                        0x08000df9   Thumb Code     4  stm32f0xx_it.o(i.HardFault_Handler)
    IIC_SHT20_Ack                            0x08000dfd   Thumb Code    94  sht2x.o(i.IIC_SHT20_Ack)
    IIC_SHT20_Init                           0x08000e5b   Thumb Code    76  sht2x.o(i.IIC_SHT20_Init)
    IIC_SHT20_NAck                           0x08000ea7   Thumb Code    96  sht2x.o(i.IIC_SHT20_NAck)
    IIC_SHT20_Read_Byte                      0x08000f07   Thumb Code   110  sht2x.o(i.IIC_SHT20_Read_Byte)
    IIC_SHT20_Send_Byte                      0x08000f75   Thumb Code   134  sht2x.o(i.IIC_SHT20_Send_Byte)
    IIC_SHT20_Start                          0x08000ffb   Thumb Code   100  sht2x.o(i.IIC_SHT20_Start)
    IIC_SHT20_Stop                           0x0800105f   Thumb Code   100  sht2x.o(i.IIC_SHT20_Stop)
    IIC_SHT20_Wait_Ack                       0x080010c3   Thumb Code   114  sht2x.o(i.IIC_SHT20_Wait_Ack)
    IIC_Start                                0x08001135   Thumb Code    40  oled.o(i.IIC_Start)
    IIC_Stop                                 0x08001161   Thumb Code    32  oled.o(i.IIC_Stop)
    IIC_Wait_Ack                             0x08001185   Thumb Code    20  oled.o(i.IIC_Wait_Ack)
    KEY_Init                                 0x0800119d   Thumb Code    40  key.o(i.KEY_Init)
    KEY_SCAN                                 0x080011c5   Thumb Code   200  key.o(i.KEY_SCAN)
    LED_Flash_fast                           0x0800128d   Thumb Code    36  led.o(i.LED_Flash_fast)
    LED_Flash_low                            0x080012b1   Thumb Code    36  led.o(i.LED_Flash_low)
    LED_Init                                 0x080012d9   Thumb Code    50  led.o(i.LED_Init)
    NMI_Handler                              0x0800130b   Thumb Code     2  stm32f0xx_it.o(i.NMI_Handler)
    NVIC_Init                                0x0800130d   Thumb Code   106  stm32f0xx_misc.o(i.NVIC_Init)
    OLED_Clear                               0x0800137d   Thumb Code    62  oled.o(i.OLED_Clear)
    OLED_Display_Off                         0x080013bb   Thumb Code    28  oled.o(i.OLED_Display_Off)
    OLED_Display_On                          0x080013d7   Thumb Code    28  oled.o(i.OLED_Display_On)
    OLED_Init                                0x080013f5   Thumb Code   308  oled.o(i.OLED_Init)
    OLED_Set_Pos                             0x0800152d   Thumb Code    44  oled.o(i.OLED_Set_Pos)
    OLED_ShowCHinese                         0x08001559   Thumb Code    92  oled.o(i.OLED_ShowCHinese)
    OLED_ShowChar                            0x080015b9   Thumb Code   148  oled.o(i.OLED_ShowChar)
    OLED_ShowFloatNumber                     0x08001655   Thumb Code   388  oled.o(i.OLED_ShowFloatNumber)
    OLED_ShowNum                             0x080017dd   Thumb Code   146  oled.o(i.OLED_ShowNum)
    OLED_ShowString                          0x0800186f   Thumb Code    56  oled.o(i.OLED_ShowString)
    OLED_WR_Byte                             0x080018a7   Thumb Code    26  oled.o(i.OLED_WR_Byte)
    OLED_WS_DIS                              0x080018c1   Thumb Code   176  main.o(i.OLED_WS_DIS)
    PWR_Init                                 0x08001979   Thumb Code    40  pwr.o(i.PWR_Init)
    PendSV_Handler                           0x080019a1   Thumb Code     2  stm32f0xx_it.o(i.PendSV_Handler)
    RCC_AHBPeriphClockCmd                    0x080019a5   Thumb Code    28  stm32f0xx_rcc.o(i.RCC_AHBPeriphClockCmd)
    RCC_APB2PeriphClockCmd                   0x080019c5   Thumb Code    28  stm32f0xx_rcc.o(i.RCC_APB2PeriphClockCmd)
    RCC_GetClocksFreq                        0x080019e5   Thumb Code   340  stm32f0xx_rcc.o(i.RCC_GetClocksFreq)
    SDA_SHT20_IN                             0x08001b51   Thumb Code    24  sht2x.o(i.SDA_SHT20_IN)
    SDA_SHT20_OUT                            0x08001b69   Thumb Code    30  sht2x.o(i.SDA_SHT20_OUT)
    SHT2x_GetHumiPoll                        0x08001b89   Thumb Code   172  sht2x.o(i.SHT2x_GetHumiPoll)
    SHT2x_GetTempPoll                        0x08001c41   Thumb Code   176  sht2x.o(i.SHT2x_GetTempPoll)
    SHT2x_Init                               0x08001d01   Thumb Code    16  sht2x.o(i.SHT2x_Init)
    SHT2x_SoftReset                          0x08001d11   Thumb Code    40  sht2x.o(i.SHT2x_SoftReset)
    SVC_Handler                              0x08001d39   Thumb Code     2  stm32f0xx_it.o(i.SVC_Handler)
    SysTick_CLKSourceConfig                  0x08001e15   Thumb Code    32  stm32f0xx_misc.o(i.SysTick_CLKSourceConfig)
    SysTick_Handler                          0x08001e39   Thumb Code     2  stm32f0xx_it.o(i.SysTick_Handler)
    SystemInit                               0x08001e3d   Thumb Code   110  system_stm32f0xx.o(i.SystemInit)
    USART1_IRQHandler                        0x08001eb9   Thumb Code    32  usart1.o(i.USART1_IRQHandler)
    USART1_Init                              0x08001ee1   Thumb Code   144  usart1.o(i.USART1_Init)
    USART1_SendByte                          0x08001f79   Thumb Code    22  usart1.o(i.USART1_SendByte)
    USART_Cmd                                0x08001f95   Thumb Code    24  stm32f0xx_usart.o(i.USART_Cmd)
    USART_GetITStatus                        0x08001fad   Thumb Code    78  stm32f0xx_usart.o(i.USART_GetITStatus)
    USART_ITConfig                           0x08001ffb   Thumb Code    66  stm32f0xx_usart.o(i.USART_ITConfig)
    USART_Init                               0x0800203d   Thumb Code   202  stm32f0xx_usart.o(i.USART_Init)
    Write_IIC_Byte                           0x08002115   Thumb Code    80  oled.o(i.Write_IIC_Byte)
    Write_IIC_Command                        0x08002169   Thumb Code    44  oled.o(i.Write_IIC_Command)
    Write_IIC_Data                           0x08002195   Thumb Code    44  oled.o(i.Write_IIC_Data)
    __ARM_common_switch8                     0x080021c1   Thumb Code    28  system.o(i.__ARM_common_switch8)
    all_data_update                          0x080021dd   Thumb Code    20  protocol.o(i.all_data_update)
    data_handle                              0x080021f1   Thumb Code   202  system.o(i.data_handle)
    delay_init                               0x0800230d   Thumb Code    44  delay.o(i.delay_init)
    delay_ms                                 0x08002349   Thumb Code    74  delay.o(i.delay_ms)
    delay_us                                 0x0800239d   Thumb Code    74  delay.o(i.delay_us)
    dp_download_handle                       0x080023f1   Thumb Code    10  protocol.o(i.dp_download_handle)
    get_check_sum                            0x080023fb   Thumb Code    28  system.o(i.get_check_sum)
    get_download_cmd_total                   0x08002445   Thumb Code     4  protocol.o(i.get_download_cmd_total)
    main                                     0x08002491   Thumb Code   278  main.o(i.main)
    mcu_dp_value_update                      0x080025a9   Thumb Code   116  mcu_api.o(i.mcu_dp_value_update)
    mcu_get_wifi_work_state                  0x08002621   Thumb Code     6  mcu_api.o(i.mcu_get_wifi_work_state)
    mcu_set_wifi_mode                        0x0800262d   Thumb Code    34  mcu_api.o(i.mcu_set_wifi_mode)
    my_memcpy                                0x08002655   Thumb Code    76  mcu_api.o(i.my_memcpy)
    my_strlen                                0x080026a1   Thumb Code    28  mcu_api.o(i.my_strlen)
    oled_pow                                 0x080026bd   Thumb Code    26  oled.o(i.oled_pow)
    set_wifi_uart_buffer                     0x080027b9   Thumb Code    30  system.o(i.set_wifi_uart_buffer)
    set_wifi_uart_byte                       0x080027dd   Thumb Code    12  system.o(i.set_wifi_uart_byte)
    take_byte_rxbuff                         0x080027ed   Thumb Code    46  system.o(i.take_byte_rxbuff)
    uart_receive_input                       0x08002829   Thumb Code    74  mcu_api.o(i.uart_receive_input)
    uart_transmit_output                     0x08002881   Thumb Code    12  protocol.o(i.uart_transmit_output)
    wifi_protocol_init                       0x0800288d   Thumb Code    24  mcu_api.o(i.wifi_protocol_init)
    wifi_test_result                         0x080028b9   Thumb Code    12  protocol.o(i.wifi_test_result)
    wifi_uart_service                        0x080028c5   Thumb Code   232  mcu_api.o(i.wifi_uart_service)
    wifi_uart_write_frame                    0x080029dd   Thumb Code    64  system.o(i.wifi_uart_write_frame)
    with_data_rxbuff                         0x08002a21   Thumb Code    20  system.o(i.with_data_rxbuff)
    __aeabi_fadd                             0x08002a3d   Thumb Code     0  faddsub.o(x$fpl$fadd)
    _fadd                                    0x08002a3d   Thumb Code   134  faddsub.o(x$fpl$fadd)
    __aeabi_fmul                             0x08002ac9   Thumb Code     0  fmul.o(x$fpl$fmul)
    _fmul                                    0x08002ac9   Thumb Code   172  fmul.o(x$fpl$fmul)
    __aeabi_cfrcmple                         0x08002b79   Thumb Code     0  frlef.o(x$fpl$frleqf)
    _frcmple                                 0x08002b79   Thumb Code    84  frlef.o(x$fpl$frleqf)
    __aeabi_frsub                            0x08002bd1   Thumb Code     0  faddsub.o(x$fpl$frsb)
    _frsb                                    0x08002bd1   Thumb Code    24  faddsub.o(x$fpl$frsb)
    __aeabi_fsub                             0x08002be9   Thumb Code     0  faddsub.o(x$fpl$fsub)
    _fsub                                    0x08002be9   Thumb Code   204  faddsub.o(x$fpl$fsub)
    F6x8                                     0x08002cb8   Data         552  oled.o(.constdata)
    __I$use$fp                               0x08002cb8   Number         0  usenofp.o(x$fpl$usenofp)
    F8X16                                    0x08002ee0   Data        1520  oled.o(.constdata)
    download_cmd                             0x080034d0   Data           4  protocol.o(.constdata)
    Region$$Table$$Base                      0x08003514   Number         0  anon$$obj.o(Region$$Table)
    Region$$Table$$Limit                     0x08003534   Number         0  anon$$obj.o(Region$$Table)
    SystemCoreClock                          0x20000000   Data           4  system_stm32f0xx.o(.data)
    AHBPrescTable                            0x20000004   Data          16  system_stm32f0xx.o(.data)
    Hzk                                      0x20000018   Data         512  oled.o(.data)
    rx_buf_in                                0x2000022c   Data           4  system.o(.data)
    rx_buf_out                               0x20000230   Data           4  system.o(.data)
    stop_update_flag                         0x20000234   Data           1  system.o(.data)
    reset_wifi_flag                          0x20000235   Data           1  system.o(.data)
    set_wifimode_flag                        0x20000236   Data           1  system.o(.data)
    wifi_work_state                          0x20000237   Data           1  system.o(.data)
    wifi_data_process_buf                    0x2000023c   Data          31  system.o(.bss)
    wifi_uart_rx_buf                         0x2000025b   Data          23  system.o(.bss)
    wifi_uart_tx_buf                         0x20000272   Data          55  system.o(.bss)
    __libspace_start                         0x200002ac   Data          96  libspace.o(.bss)
    __temporary_stack_top$libspace           0x2000030c   Data           0  libspace.o(.bss)



==============================================================================

Memory Map of the image

  Image Entry point : 0x080000b1

  Load Region LR_IROM1 (Base: 0x08000000, Size: 0x00003770, Max: 0x00004000, ABSOLUTE, COMPRESSED[0x00003620])

    Execution Region ER_IROM1 (Exec base: 0x08000000, Load base: 0x08000000, Size: 0x00003534, Max: 0x00004000, ABSOLUTE)

    Exec Addr    Load Addr    Size         Type   Attr      Idx    E Section Name        Object

    0x08000000   0x08000000   0x000000b0   Data   RO          249    RESET               startup_stm32f0xx_ld.o
    0x080000b0   0x080000b0   0x00000008   Code   RO         4180  * !!!main             c_p.l(__main.o)
    0x080000b8   0x080000b8   0x0000003c   Code   RO         4385    !!!scatter          c_p.l(__scatter.o)
    0x080000f4   0x080000f4   0x0000001c   Code   RO         4387    !!handler_zi        c_p.l(__scatter_zi.o)
    0x08000110   0x08000110   0x00000002   Code   RO         4250    .ARM.Collect$$libinit$$00000000  c_p.l(libinit.o)
    0x08000112   0x08000112   0x00000000   Code   RO         4266    .ARM.Collect$$libinit$$00000002  c_p.l(libinit2.o)
    0x08000112   0x08000112   0x00000000   Code   RO         4268    .ARM.Collect$$libinit$$00000004  c_p.l(libinit2.o)
    0x08000112   0x08000112   0x00000000   Code   RO         4271    .ARM.Collect$$libinit$$0000000A  c_p.l(libinit2.o)
    0x08000112   0x08000112   0x00000000   Code   RO         4273    .ARM.Collect$$libinit$$0000000C  c_p.l(libinit2.o)
    0x08000112   0x08000112   0x00000000   Code   RO         4275    .ARM.Collect$$libinit$$0000000E  c_p.l(libinit2.o)
    0x08000112   0x08000112   0x00000000   Code   RO         4278    .ARM.Collect$$libinit$$00000011  c_p.l(libinit2.o)
    0x08000112   0x08000112   0x00000000   Code   RO         4280    .ARM.Collect$$libinit$$00000013  c_p.l(libinit2.o)
    0x08000112   0x08000112   0x00000000   Code   RO         4282    .ARM.Collect$$libinit$$00000015  c_p.l(libinit2.o)
    0x08000112   0x08000112   0x00000000   Code   RO         4284    .ARM.Collect$$libinit$$00000017  c_p.l(libinit2.o)
    0x08000112   0x08000112   0x00000000   Code   RO         4286    .ARM.Collect$$libinit$$00000019  c_p.l(libinit2.o)
    0x08000112   0x08000112   0x00000000   Code   RO         4288    .ARM.Collect$$libinit$$0000001B  c_p.l(libinit2.o)
    0x08000112   0x08000112   0x00000000   Code   RO         4290    .ARM.Collect$$libinit$$0000001D  c_p.l(libinit2.o)
    0x08000112   0x08000112   0x00000000   Code   RO         4292    .ARM.Collect$$libinit$$0000001F  c_p.l(libinit2.o)
    0x08000112   0x08000112   0x00000000   Code   RO         4294    .ARM.Collect$$libinit$$00000021  c_p.l(libinit2.o)
    0x08000112   0x08000112   0x00000000   Code   RO         4296    .ARM.Collect$$libinit$$00000023  c_p.l(libinit2.o)
    0x08000112   0x08000112   0x00000000   Code   RO         4298    .ARM.Collect$$libinit$$00000025  c_p.l(libinit2.o)
    0x08000112   0x08000112   0x00000000   Code   RO         4302    .ARM.Collect$$libinit$$0000002C  c_p.l(libinit2.o)
    0x08000112   0x08000112   0x00000000   Code   RO         4304    .ARM.Collect$$libinit$$0000002E  c_p.l(libinit2.o)
    0x08000112   0x08000112   0x00000000   Code   RO         4306    .ARM.Collect$$libinit$$00000030  c_p.l(libinit2.o)
    0x08000112   0x08000112   0x00000000   Code   RO         4308    .ARM.Collect$$libinit$$00000032  c_p.l(libinit2.o)
    0x08000112   0x08000112   0x00000002   Code   RO         4309    .ARM.Collect$$libinit$$00000033  c_p.l(libinit2.o)
    0x08000114   0x08000114   0x00000002   Code   RO         4340    .ARM.Collect$$libshutdown$$00000000  c_p.l(libshutdown.o)
    0x08000116   0x08000116   0x00000000   Code   RO         4366    .ARM.Collect$$libshutdown$$00000002  c_p.l(libshutdown2.o)
    0x08000116   0x08000116   0x00000000   Code   RO         4368    .ARM.Collect$$libshutdown$$00000004  c_p.l(libshutdown2.o)
    0x08000116   0x08000116   0x00000000   Code   RO         4371    .ARM.Collect$$libshutdown$$00000007  c_p.l(libshutdown2.o)
    0x08000116   0x08000116   0x00000000   Code   RO         4374    .ARM.Collect$$libshutdown$$0000000A  c_p.l(libshutdown2.o)
    0x08000116   0x08000116   0x00000000   Code   RO         4376    .ARM.Collect$$libshutdown$$0000000C  c_p.l(libshutdown2.o)
    0x08000116   0x08000116   0x00000000   Code   RO         4379    .ARM.Collect$$libshutdown$$0000000F  c_p.l(libshutdown2.o)
    0x08000116   0x08000116   0x00000002   Code   RO         4380    .ARM.Collect$$libshutdown$$00000010  c_p.l(libshutdown2.o)
    0x08000118   0x08000118   0x00000000   Code   RO         4207    .ARM.Collect$$rtentry$$00000000  c_p.l(__rtentry.o)
    0x08000118   0x08000118   0x00000000   Code   RO         4216    .ARM.Collect$$rtentry$$00000002  c_p.l(__rtentry2.o)
    0x08000118   0x08000118   0x00000006   Code   RO         4228    .ARM.Collect$$rtentry$$00000004  c_p.l(__rtentry4.o)
    0x0800011e   0x0800011e   0x00000000   Code   RO         4218    .ARM.Collect$$rtentry$$00000009  c_p.l(__rtentry2.o)
    0x0800011e   0x0800011e   0x00000004   Code   RO         4219    .ARM.Collect$$rtentry$$0000000A  c_p.l(__rtentry2.o)
    0x08000122   0x08000122   0x00000000   Code   RO         4221    .ARM.Collect$$rtentry$$0000000C  c_p.l(__rtentry2.o)
    0x08000122   0x08000122   0x00000008   Code   RO         4222    .ARM.Collect$$rtentry$$0000000D  c_p.l(__rtentry2.o)
    0x0800012a   0x0800012a   0x00000002   Code   RO         4257    .ARM.Collect$$rtexit$$00000000  c_p.l(rtexit.o)
    0x0800012c   0x0800012c   0x00000000   Code   RO         4313    .ARM.Collect$$rtexit$$00000002  c_p.l(rtexit2.o)
    0x0800012c   0x0800012c   0x00000004   Code   RO         4314    .ARM.Collect$$rtexit$$00000003  c_p.l(rtexit2.o)
    0x08000130   0x08000130   0x00000006   Code   RO         4315    .ARM.Collect$$rtexit$$00000004  c_p.l(rtexit2.o)
    0x08000136   0x08000136   0x00000002   PAD
    0x08000138   0x08000138   0x00000038   Code   RO          250    .text               startup_stm32f0xx_ld.o
    0x08000170   0x08000170   0x0000015a   Code   RO         4174    .text               c_p.l(aeabi_sdiv.o)
    0x080002ca   0x080002ca   0x00000006   Code   RO         4178    .text               c_p.l(heapauxi.o)
    0x080002d0   0x080002d0   0x0000007c   Code   RO         4182    .text               fz_ps.l(d2f.o)
    0x0800034c   0x0800034c   0x00000358   Code   RO         4184    .text               fz_ps.l(daddsub.o)
    0x080006a4   0x080006a4   0x00000248   Code   RO         4186    .text               fz_ps.l(dmul.o)
    0x080008ec   0x080008ec   0x00000054   Code   RO         4188    .text               fz_ps.l(f2d.o)
    0x08000940   0x08000940   0x00000160   Code   RO         4196    .text               fz_ps.l(fdiv.o)
    0x08000aa0   0x08000aa0   0x0000004c   Code   RO         4199    .text               fz_ps.l(ffixi.o)
    0x08000aec   0x08000aec   0x0000005e   Code   RO         4201    .text               fz_ps.l(fflti.o)
    0x08000b4a   0x08000b4a   0x00000002   PAD
    0x08000b4c   0x08000b4c   0x00000064   Code   RO         4212    .text               fz_ps.l(fcmpin.o)
    0x08000bb0   0x08000bb0   0x0000002e   Code   RO         4232    .text               fz_ps.l(cmpret.o)
    0x08000bde   0x08000bde   0x00000002   PAD
    0x08000be0   0x08000be0   0x00000010   Code   RO         4234    .text               fz_ps.l(fnan2.o)
    0x08000bf0   0x08000bf0   0x0000003e   Code   RO         4236    .text               c_p.l(sys_stackheap_outer.o)
    0x08000c2e   0x08000c2e   0x00000010   Code   RO         4239    .text               c_p.l(exit.o)
    0x08000c3e   0x08000c3e   0x0000005e   Code   RO         4251    .text               fz_ps.l(retnan.o)
    0x08000c9c   0x08000c9c   0x00000008   Code   RO         4253    .text               c_p.l(libspace.o)
    0x08000ca4   0x08000ca4   0x0000000c   Code   RO         4310    .text               c_p.l(sys_exit.o)
    0x08000cb0   0x08000cb0   0x00000002   Code   RO         4329    .text               c_p.l(use_no_semi.o)
    0x08000cb2   0x08000cb2   0x00000000   Code   RO         4331    .text               c_p.l(indicate_semi.o)
    0x08000cb2   0x08000cb2   0x00000056   Code   RO         4383    .text               c_p.l(__dczerorl2.o)
    0x08000d08   0x08000d08   0x00000090   Code   RO         1576    i.GPIO_Init         stm32f0xx_gpio.o
    0x08000d98   0x08000d98   0x00000044   Code   RO         1577    i.GPIO_PinAFConfig  stm32f0xx_gpio.o
    0x08000ddc   0x08000ddc   0x00000014   Code   RO         1580    i.GPIO_ReadInputDataBit  stm32f0xx_gpio.o
    0x08000df0   0x08000df0   0x00000004   Code   RO         1583    i.GPIO_ResetBits    stm32f0xx_gpio.o
    0x08000df4   0x08000df4   0x00000004   Code   RO         1584    i.GPIO_SetBits      stm32f0xx_gpio.o
    0x08000df8   0x08000df8   0x00000004   Code   RO          165    i.HardFault_Handler  stm32f0xx_it.o
    0x08000dfc   0x08000dfc   0x0000005e   Code   RO          516    i.IIC_SHT20_Ack     sht2x.o
    0x08000e5a   0x08000e5a   0x0000004c   Code   RO          517    i.IIC_SHT20_Init    sht2x.o
    0x08000ea6   0x08000ea6   0x00000060   Code   RO          518    i.IIC_SHT20_NAck    sht2x.o
    0x08000f06   0x08000f06   0x0000006e   Code   RO          519    i.IIC_SHT20_Read_Byte  sht2x.o
    0x08000f74   0x08000f74   0x00000086   Code   RO          520    i.IIC_SHT20_Send_Byte  sht2x.o
    0x08000ffa   0x08000ffa   0x00000064   Code   RO          521    i.IIC_SHT20_Start   sht2x.o
    0x0800105e   0x0800105e   0x00000064   Code   RO          522    i.IIC_SHT20_Stop    sht2x.o
    0x080010c2   0x080010c2   0x00000072   Code   RO          523    i.IIC_SHT20_Wait_Ack  sht2x.o
    0x08001134   0x08001134   0x0000002c   Code   RO          350    i.IIC_Start         oled.o
    0x08001160   0x08001160   0x00000024   Code   RO          351    i.IIC_Stop          oled.o
    0x08001184   0x08001184   0x00000018   Code   RO          352    i.IIC_Wait_Ack      oled.o
    0x0800119c   0x0800119c   0x00000028   Code   RO          322    i.KEY_Init          key.o
    0x080011c4   0x080011c4   0x000000c8   Code   RO          323    i.KEY_SCAN          key.o
    0x0800128c   0x0800128c   0x00000024   Code   RO          290    i.LED_Flash_fast    led.o
    0x080012b0   0x080012b0   0x00000028   Code   RO          291    i.LED_Flash_low     led.o
    0x080012d8   0x080012d8   0x00000032   Code   RO          292    i.LED_Init          led.o
    0x0800130a   0x0800130a   0x00000002   Code   RO          166    i.NMI_Handler       stm32f0xx_it.o
    0x0800130c   0x0800130c   0x00000070   Code   RO         1989    i.NVIC_Init         stm32f0xx_misc.o
    0x0800137c   0x0800137c   0x0000003e   Code   RO          353    i.OLED_Clear        oled.o
    0x080013ba   0x080013ba   0x0000001c   Code   RO          354    i.OLED_Display_Off  oled.o
    0x080013d6   0x080013d6   0x0000001c   Code   RO          355    i.OLED_Display_On   oled.o
    0x080013f2   0x080013f2   0x00000002   PAD
    0x080013f4   0x080013f4   0x00000138   Code   RO          357    i.OLED_Init         oled.o
    0x0800152c   0x0800152c   0x0000002c   Code   RO          359    i.OLED_Set_Pos      oled.o
    0x08001558   0x08001558   0x00000060   Code   RO          360    i.OLED_ShowCHinese  oled.o
    0x080015b8   0x080015b8   0x0000009c   Code   RO          361    i.OLED_ShowChar     oled.o
    0x08001654   0x08001654   0x00000188   Code   RO          362    i.OLED_ShowFloatNumber  oled.o
    0x080017dc   0x080017dc   0x00000092   Code   RO          364    i.OLED_ShowNum      oled.o
    0x0800186e   0x0800186e   0x00000038   Code   RO          365    i.OLED_ShowString   oled.o
    0x080018a6   0x080018a6   0x0000001a   Code   RO          366    i.OLED_WR_Byte      oled.o
    0x080018c0   0x080018c0   0x000000b8   Code   RO            3    i.OLED_WS_DIS       main.o
    0x08001978   0x08001978   0x00000028   Code   RO          620    i.PWR_Init          pwr.o
    0x080019a0   0x080019a0   0x00000002   Code   RO          167    i.PendSV_Handler    stm32f0xx_it.o
    0x080019a2   0x080019a2   0x00000002   PAD
    0x080019a4   0x080019a4   0x00000020   Code   RO         2096    i.RCC_AHBPeriphClockCmd  stm32f0xx_rcc.o
    0x080019c4   0x080019c4   0x00000020   Code   RO         2100    i.RCC_APB2PeriphClockCmd  stm32f0xx_rcc.o
    0x080019e4   0x080019e4   0x0000016c   Code   RO         2110    i.RCC_GetClocksFreq  stm32f0xx_rcc.o
    0x08001b50   0x08001b50   0x00000018   Code   RO          524    i.SDA_SHT20_IN      sht2x.o
    0x08001b68   0x08001b68   0x0000001e   Code   RO          525    i.SDA_SHT20_OUT     sht2x.o
    0x08001b86   0x08001b86   0x00000002   PAD
    0x08001b88   0x08001b88   0x000000b8   Code   RO          526    i.SHT2x_GetHumiPoll  sht2x.o
    0x08001c40   0x08001c40   0x000000c0   Code   RO          527    i.SHT2x_GetTempPoll  sht2x.o
    0x08001d00   0x08001d00   0x00000010   Code   RO          528    i.SHT2x_Init        sht2x.o
    0x08001d10   0x08001d10   0x00000028   Code   RO          529    i.SHT2x_SoftReset   sht2x.o
    0x08001d38   0x08001d38   0x00000002   Code   RO          168    i.SVC_Handler       stm32f0xx_it.o
    0x08001d3a   0x08001d3a   0x00000002   PAD
    0x08001d3c   0x08001d3c   0x000000d8   Code   RO          212    i.SetSysClock       system_stm32f0xx.o
    0x08001e14   0x08001e14   0x00000024   Code   RO         1991    i.SysTick_CLKSourceConfig  stm32f0xx_misc.o
    0x08001e38   0x08001e38   0x00000002   Code   RO          169    i.SysTick_Handler   stm32f0xx_it.o
    0x08001e3a   0x08001e3a   0x00000002   PAD
    0x08001e3c   0x08001e3c   0x0000007c   Code   RO          214    i.SystemInit        system_stm32f0xx.o
    0x08001eb8   0x08001eb8   0x00000028   Code   RO          640    i.USART1_IRQHandler  usart1.o
    0x08001ee0   0x08001ee0   0x00000098   Code   RO          641    i.USART1_Init       usart1.o
    0x08001f78   0x08001f78   0x0000001c   Code   RO          642    i.USART1_SendByte   usart1.o
    0x08001f94   0x08001f94   0x00000018   Code   RO         3488    i.USART_Cmd         stm32f0xx_usart.o
    0x08001fac   0x08001fac   0x0000004e   Code   RO         3497    i.USART_GetITStatus  stm32f0xx_usart.o
    0x08001ffa   0x08001ffa   0x00000042   Code   RO         3499    i.USART_ITConfig    stm32f0xx_usart.o
    0x0800203c   0x0800203c   0x000000d8   Code   RO         3500    i.USART_Init        stm32f0xx_usart.o
    0x08002114   0x08002114   0x00000054   Code   RO          367    i.Write_IIC_Byte    oled.o
    0x08002168   0x08002168   0x0000002c   Code   RO          368    i.Write_IIC_Command  oled.o
    0x08002194   0x08002194   0x0000002c   Code   RO          369    i.Write_IIC_Data    oled.o
    0x080021c0   0x080021c0   0x0000001c   Code   RO         4163    i.__ARM_common_switch8  system.o
    0x080021dc   0x080021dc   0x00000014   Code   RO         4031    i.all_data_update   protocol.o
    0x080021f0   0x080021f0   0x000000dc   Code   RO         4078    i.data_handle       system.o
    0x080022cc   0x080022cc   0x00000040   Code   RO         4079    i.data_point_handle  system.o
    0x0800230c   0x0800230c   0x0000003c   Code   RO          256    i.delay_init        delay.o
    0x08002348   0x08002348   0x00000054   Code   RO          257    i.delay_ms          delay.o
    0x0800239c   0x0800239c   0x00000054   Code   RO          258    i.delay_us          delay.o
    0x080023f0   0x080023f0   0x0000000a   Code   RO         4032    i.dp_download_handle  protocol.o
    0x080023fa   0x080023fa   0x0000001c   Code   RO         4080    i.get_check_sum     system.o
    0x08002416   0x08002416   0x00000002   PAD
    0x08002418   0x08002418   0x0000002c   Code   RO         4081    i.get_dowmload_dpid_index  system.o
    0x08002444   0x08002444   0x00000004   Code   RO         4033    i.get_download_cmd_total  protocol.o
    0x08002448   0x08002448   0x00000010   Code   RO         4082    i.get_mcu_wifi_mode  system.o
    0x08002458   0x08002458   0x00000038   Code   RO         4083    i.heat_beat_check   system.o
    0x08002490   0x08002490   0x00000116   Code   RO            4    i.main              main.o
    0x080025a6   0x080025a6   0x00000002   PAD
    0x080025a8   0x080025a8   0x00000078   Code   RO         3859    i.mcu_dp_value_update  mcu_api.o
    0x08002620   0x08002620   0x0000000c   Code   RO         3864    i.mcu_get_wifi_work_state  mcu_api.o
    0x0800262c   0x0800262c   0x00000028   Code   RO         3867    i.mcu_set_wifi_mode  mcu_api.o
    0x08002654   0x08002654   0x0000004c   Code   RO         3869    i.my_memcpy         mcu_api.o
    0x080026a0   0x080026a0   0x0000001c   Code   RO         3873    i.my_strlen         mcu_api.o
    0x080026bc   0x080026bc   0x0000001a   Code   RO          371    i.oled_pow          oled.o
    0x080026d6   0x080026d6   0x00000002   PAD
    0x080026d8   0x080026d8   0x000000e0   Code   RO         4084    i.product_info_update  system.o
    0x080027b8   0x080027b8   0x00000024   Code   RO         4085    i.set_wifi_uart_buffer  system.o
    0x080027dc   0x080027dc   0x00000010   Code   RO         4086    i.set_wifi_uart_byte  system.o
    0x080027ec   0x080027ec   0x0000003c   Code   RO         4087    i.take_byte_rxbuff  system.o
    0x08002828   0x08002828   0x00000058   Code   RO         3875    i.uart_receive_input  mcu_api.o
    0x08002880   0x08002880   0x0000000c   Code   RO         4034    i.uart_transmit_output  protocol.o
    0x0800288c   0x0800288c   0x0000002c   Code   RO         3876    i.wifi_protocol_init  mcu_api.o
    0x080028b8   0x080028b8   0x0000000c   Code   RO         4035    i.wifi_test_result  protocol.o
    0x080028c4   0x080028c4   0x000000f0   Code   RO         3877    i.wifi_uart_service  mcu_api.o
    0x080029b4   0x080029b4   0x00000028   Code   RO         4088    i.wifi_uart_write_data  system.o
    0x080029dc   0x080029dc   0x00000044   Code   RO         4089    i.wifi_uart_write_frame  system.o
    0x08002a20   0x08002a20   0x0000001c   Code   RO         4090    i.with_data_rxbuff  system.o
    0x08002a3c   0x08002a3c   0x0000008c   Code   RO         4190    x$fpl$fadd          fz_ps.l(faddsub.o)
    0x08002ac8   0x08002ac8   0x000000b0   Code   RO         4203    x$fpl$fmul          fz_ps.l(fmul.o)
    0x08002b78   0x08002b78   0x00000058   Code   RO         4205    x$fpl$frleqf        fz_ps.l(frlef.o)
    0x08002bd0   0x08002bd0   0x00000018   Code   RO         4191    x$fpl$frsb          fz_ps.l(faddsub.o)
    0x08002be8   0x08002be8   0x000000d0   Code   RO         4192    x$fpl$fsub          fz_ps.l(faddsub.o)
    0x08002cb8   0x08002cb8   0x00000000   Code   RO         4214    x$fpl$usenofp       fz_ps.l(usenofp.o)
    0x08002cb8   0x08002cb8   0x00000818   Data   RO          372    .constdata          oled.o
    0x080034d0   0x080034d0   0x00000004   Data   RO         4036    .constdata          protocol.o
    0x080034d4   0x080034d4   0x00000040   Data   RO         4197    .constdata          fz_ps.l(fdiv.o)
    0x08003514   0x08003514   0x00000020   Data   RO         4381    Region$$Table       anon$$obj.o


    Execution Region RW_IRAM1 (Exec base: 0x20000000, Load base: 0x08003534, Size: 0x00000910, Max: 0x00001000, ABSOLUTE, COMPRESSED[0x000000ec])

    Exec Addr    Load Addr    Size         Type   Attr      Idx    E Section Name        Object

    0x20000000   COMPRESSED   0x00000014   Data   RW          215    .data               system_stm32f0xx.o
    0x20000014   COMPRESSED   0x00000004   Data   RW          259    .data               delay.o
    0x20000018   COMPRESSED   0x00000200   Data   RW          373    .data               oled.o
    0x20000218   COMPRESSED   0x00000010   Data   RW         2134    .data               stm32f0xx_rcc.o
    0x20000228   COMPRESSED   0x00000002   Data   RW         3878    .data               mcu_api.o
    0x2000022a   COMPRESSED   0x00000002   PAD
    0x2000022c   COMPRESSED   0x0000000d   Data   RW         4092    .data               system.o
    0x20000239   COMPRESSED   0x00000003   PAD
    0x2000023c        -       0x0000006d   Zero   RW         4091    .bss                system.o
    0x200002a9   COMPRESSED   0x00000003   PAD
    0x200002ac        -       0x00000060   Zero   RW         4254    .bss                c_p.l(libspace.o)
    0x2000030c   COMPRESSED   0x00000004   PAD
    0x20000310        -       0x00000200   Zero   RW          248    HEAP                startup_stm32f0xx_ld.o
    0x20000510        -       0x00000400   Zero   RW          247    STACK               startup_stm32f0xx_ld.o


==============================================================================

Image component sizes


      Code (inc. data)   RO Data    RW Data    ZI Data      Debug   Object Name

       228         36          0          4          0       1551   delay.o
       240          0          0          0          0        990   key.o
       126          4          0          0          0       1296   led.o
       462          8          0          0          0     117649   main.o
       648         58          0          2          0       4602   mcu_api.o
      1648         36       2072        512          0      11315   oled.o
        58          0          4          0          0       2957   protocol.o
        40          0          0          0          0        451   pwr.o
      1310         28          0          0          0       7220   sht2x.o
        56         26        176          0       1536        592   startup_stm32f0xx_ld.o
       240          0          0          0          0       3215   stm32f0xx_gpio.o
        12          0          0          0          0       1831   stm32f0xx_it.o
       148         10          0          0          0       1330   stm32f0xx_misc.o
       428         32          0         16          0       2693   stm32f0xx_rcc.o
       384         14          0          0          0       3446   stm32f0xx_usart.o
       928        144          0         13        109       9414   system.o
       340         24          0         20          0       1485   system_stm32f0xx.o
       220         22          0          0          0       1604   usart1.o

    ----------------------------------------------------------------------
      7532        442       2284        572       1648     173641   Object Totals
         0          0         32          0          0          0   (incl. Generated)
        16          0          0          5          3          0   (incl. Padding)

    ----------------------------------------------------------------------

      Code (inc. data)   RO Data    RW Data    ZI Data      Debug   Library Member Name

        86          0          0          0          0          0   __dczerorl2.o
         8          0          0          0          0         68   __main.o
         0          0          0          0          0          0   __rtentry.o
        12          0          0          0          0          0   __rtentry2.o
         6          0          0          0          0          0   __rtentry4.o
        60          8          0          0          0          0   __scatter.o
        28          0          0          0          0          0   __scatter_zi.o
       346          0          0          0          0         92   aeabi_sdiv.o
        16          0          0          0          0         68   exit.o
         6          0          0          0          0        136   heapauxi.o
         0          0          0          0          0          0   indicate_semi.o
         2          0          0          0          0          0   libinit.o
         2          0          0          0          0          0   libinit2.o
         2          0          0          0          0          0   libshutdown.o
         2          0          0          0          0          0   libshutdown2.o
         8          4          0          0         96         68   libspace.o
         2          0          0          0          0          0   rtexit.o
        10          0          0          0          0          0   rtexit2.o
        12          4          0          0          0         60   sys_exit.o
        62          0          0          0          0         80   sys_stackheap_outer.o
         2          0          0          0          0         68   use_no_semi.o
        46          0          0          0          0         60   cmpret.o
       124          4          0          0          0         72   d2f.o
       856         20          0          0          0        208   daddsub.o
       584         26          0          0          0         84   dmul.o
        84          4          0          0          0         60   f2d.o
       372          8          0          0          0        240   faddsub.o
       100          4          0          0          0         68   fcmpin.o
       352         10         64          0          0         92   fdiv.o
        76          0          0          0          0         68   ffixi.o
        94          0          0          0          0         92   fflti.o
       176          4          0          0          0         80   fmul.o
        16          6          0          0          0         68   fnan2.o
        88          4          0          0          0         76   frlef.o
        94          0          0          0          0         68   retnan.o
         0          0          0          0          0          0   usenofp.o

    ----------------------------------------------------------------------
      3740        106         64          0        100       1976   Library Totals
         6          0          0          0          4          0   (incl. Padding)

    ----------------------------------------------------------------------

      Code (inc. data)   RO Data    RW Data    ZI Data      Debug   Library Name

       672         16          0          0         96        640   c_p.l
      3062         90         64          0          0       1336   fz_ps.l

    ----------------------------------------------------------------------
      3740        106         64          0        100       1976   Library Totals

    ----------------------------------------------------------------------

==============================================================================


      Code (inc. data)   RO Data    RW Data    ZI Data      Debug   

     11272        548       2348        572       1748     170773   Grand Totals
     11272        548       2348        236       1748     170773   ELF Image Totals (compressed)
     11272        548       2348        236          0          0   ROM Totals

==============================================================================

    Total RO  Size (Code + RO Data)                13620 (  13.30kB)
    Total RW  Size (RW Data + ZI Data)              2320 (   2.27kB)
    Total ROM Size (Code + RO Data + RW Data)      13856 (  13.53kB)

==============================================================================

